#-----------------------------------------------------------
# Vivado v2023.2 (64-bit)
# SW Build 4029153 on Fri Oct 13 20:14:34 MDT 2023
# IP Build 4028589 on Sat Oct 14 00:45:43 MDT 2023
# SharedData Build 4025554 on Tue Oct 10 17:18:54 MDT 2023
# Start of session at: Sat Sep 12 11:30:00 2026
# Process ID: 18904
# Current directory: C:/Users/Prasit/Documents/ACSA_RISCV/vivado_gui/rv_perceptron
# Command line: vivado.exe -gui_launcher_event rodinguilauncherevent11340 C:\Users\Prasit\Documents\ACSA_RISCV\vivado_gui\rv_perceptron\rv_perceptron.xpr
# Log file: C:/Users/Prasit/Documents/ACSA_RISCV/vivado_gui/rv_perceptron/vivado.log
# Journal file: C:/Users/Prasit/Documents/ACSA_RISCV/vivado_gui/rv_perceptron\vivado.jou
# Running On: DESKTOP-LP0DM3H, OS: Windows, CPU Frequency: 2496 MHz, CPU Physical cores: 10, Host memory: 8245 MB
#-----------------------------------------------------------
start_gui
open_project C:/Users/Prasit/Documents/ACSA_RISCV/vivado_gui/rv_perceptron/rv_perceptron.xpr
WARNING: [Board 49-26] cannot add Board Part digilentinc.com:geneWARNING: [Board 49-26] cannot add Board Part digilentinc.com:genesys2:part0:1.1 available at C:/Xilinx/Vivado/2023.2/data/xhub/boards/XilinxBoardStore/boards/Xilinx/genesys2/H/board.xml as part xc7k325tffg900-2 specified in board_part file is either invalid or not available
WARNING: [Board 49-26] cannot add Board Part digilentinc.com:sword:part0:1.0 available at C:/Xilinx/Vivado/2023.2/data/xhub/boards/XilinxBoardStore/boards/Xilinx/sword/C.0/board.xml as part xc7k325tffg900-2 specified in board_part file is either invalid or not available
WARNING: [Board 49-26] cannot add Board Part xilinx.com:kc705:part0:1.6 available at C:/Xilinx/Vivado/2023.2/data/xhub/boards/XilinxBoardStore/boards/Xilinx/kc705/1.6/board.xml as part xc7k325tffg900-2 specified in board_part file is either invalid or not available
WARNING: [Board 49-26] cannot add Board Part xilinx.com:kcu105:part0:1.6 available at C:/Xilinx/Vivado/2023.2/data/xhub/boards/XilinxBoardStore/boards/Xilinx/kcu105/1.6/board.xml as part xcku040-ffva1156-2-e specified in board_part file is either invalid or not available
WARNING: [Board 49-26] cannot add Board Part xilinx.com:kcu105:part0:1.7 available at C:/Xilinx/Vivado/2023.2/data/xhub/boards/XilinxBoardStore/boards/Xilinx/kcu105/1.7/board.xml as part xcku040-ffva1156-2-e specified in board_part file is either invalid or not available
WARNING: [Board 49-26] cannot add Board Part xilinx.com:kcu1500:part0:1.2 available at C:/Xilinx/Vivado/2023.2/data/xhub/boards/XilinxBoardStore/boards/Xilinx/kcu1500/1.2/board.xml as part xcku115-flvb2104-2-e specified in board_part file is either invalid or not available
WARNING: [Board 49-26] cannot add Board Part xilinx.com:vc707:part0:1.4 available at C:/Xilinx/Vivado/2023.2/data/xhub/boards/XilinxBoardStore/boards/Xilinx/vc707/1.4/board.xml as part xc7vx485tffg1761-2 specified in board_part file is either invalid or not available
WARNING: [Board 49-26] cannot add Board Part xilinx.com:vc709:part0:1.8 available at C:/Xilinx/Vivado/2023.2/data/xhub/boards/XilinxBoardStore/boards/Xilinx/vc709/1.8/board.xml as part xc7vx690tffg1761-2 specified in board_part file is either invalid or not available
WARNING: [Board 49-26] cannot add Board Part xilinx.com:vck190:part0:2.2 available at C:/Xilinx/Vivado/2023.2/data/xhub/boards/XilinxBoardStore/boards/Xilinx/vck190/production/2.2/board.xml as part xcvc1902-vsva2197-2mp-e-s specified in board_part file is either invalid or not available
WARNING: [Board 49-26] cannot add Board Part xilinx.com:vck190:part0:3.0 available at C:/Xilinx/Vivado/2023.2/data/xhub/boards/XilinxBoardStore/boards/Xilinx/vck190/production/3.0/board.xml as part xcvc1902-vsva2197-2mp-e-s specified in board_part file is either invalid or not available
WARNING: [Board 49-26] cannot add Board Part xilinx.com:vck190:part0:3.1 available at C:/Xilinx/Vivado/2023.2/data/xhub/boards/XilinxBoardStore/boards/Xilinx/vck190/production/3.1/board.xml as part xcvc1902-vsva2197-2mp-e-s specified in board_part file is either invalid or not available
WARNING: [Board 49-26] cannot add Board Part xilinx.com:vck190:part0:3.2 available at C:/Xilinx/Vivado/2023.2/data/xhub/boards/XilinxBoardStore/boards/Xilinx/vck190/production/3.2/board.xml as part xcvc1902-vsva2197-2mp-e-s specified in board_part file is either invalid or not available
WARNING: [Board 49-26] cannot add Board Part xilinx.com:vck190_newl:part0:1.0 available at C:/Xilinx/Vivado/2023.2/data/xhub/boards/XilinxBoardStore/boards/Xilinx/vck190_newl/production/1.0/board.xml as part xcvc1902-vsva2197-2mp-e-s specified in board_part file is either invalid or not available
WARNING: [Board 49-26] cannot add Board Part xilinx.com:vck190_newl:part0:1.1 available at C:/Xilinx/Vivado/2023.2/data/xhub/boards/XilinxBoardStore/boards/Xilinx/vck190_newl/production/1.1/board.xml as part xcvc1902-vsva2197-2mp-e-s specified in board_part file is either invalid or not available
WARNING: [Board 49-26] cannot add Board Part xilinx.com:vcu108:part0:1.6 available at C:/Xilinx/Vivado/2023.2/data/xhub/boards/XilinxBoardStore/boards/Xilinx/vcu108/1.6/board.xml as part xcvu095-ffva2104-2-e specified in board_part file is either invalid or not available
WARNING: [Board 49-26] cannot add Board Part xilinx.com:vcu108:part0:1.7 available at C:/Xilinx/Vivado/2023.2/data/xhub/boards/XilinxBoardStore/boards/Xilinx/vcu108/1.7/board.xml as part xcvu095-ffva2104-2-e specified in board_part file is either invalid or not available
WARNING: [Board 49-26] cannot add Board Part xilinx.com:vcu110:part0:1.4 available at C:/Xilinx/Vivado/2023.2/data/xhub/boards/XilinxBoardStore/boards/Xilinx/vcu110/1.4/board.xml as part xcvu190-flgc2104-2-e specified in board_part file is either invalid or not available
WARNING: [Board 49-26] cannot add Board Part xilinx.com:vcu118:part0:2.0 available at C:/Xilinx/Vivado/2023.2/data/xhub/boards/XilinxBoardStore/boards/Xilinx/vcu118/2.0/board.xml as part xcvu9p-flga2104-2l-e specified in board_part file is either invalid or not available
WARNING: [Board 49-26] cannot add Board Part xilinx.com:vcu118:part0:2.3 available at C:/Xilinx/Vivado/2023.2/data/xhub/boards/XilinxBoardStore/boards/Xilinx/vcu118/2.3/board.xml as part xcvu9p-flga2104-2l-e specified in board_part file is either invalid or not available
WARNING: [Board 49-26] cannot add Board Part xilinx.com:vcu118:part0:2.4 available at C:/Xilinx/Vivado/2023.2/data/xhub/boards/XilinxBoardStore/boards/Xilinx/vcu118/2.4/board.xml as part xcvu9p-flga2104-2l-e specified in board_part file is either invalid or not available
WARNING: [Board 49-26] cannot add Board Part xilinx.com:vcu129:part0:1.0 available at C:/Xilinx/Vivado/2023.2/data/xhub/boards/XilinxBoardStore/boards/Xilinx/vcu129/production/1.0/board.xml as part xcvu29p-fsga2577-2l-e specified in board_part file is either invalid or not available
WARNING: [Board 49-26] cannot add Board Part xilinx.com:vcu1525:part0:1.3 available at C:/Xilinx/Vivado/2023.2/data/xhub/boards/XilinxBoardStore/boards/Xilinx/vcu1525/1.3/board.xml as part xcvu9p-fsgd2104-2l-e specified in board_part file is either invalid or not available
WARNING: [Board 49-26] cannot add Board Part xilinx.com:vek280:part0:1.0 available at C:/Xilinx/Vivado/2023.2/data/xhub/boards/XilinxBoardStore/boards/Xilinx/vek280/production/1.0/board.xml as part xcve2802-vsvh1760-2mp-e-s specified in board_part file is either invalid or not available
WARNING: [Board 49-26] cannot add Board Part xilinx.com:vek280_es:part0:1.0 available at C:/Xilinx/Vivado/2023.2/data/xhub/boards/XilinxBoardStore/boards/Xilinx/vek280/es/rev_a/1.0/board.xml as part xcve2802-vsvh1760-2lp-e-s-es1 specified in board_part file is either invalid or not available
WARNING: [Board 49-26] cannot add Board Part xilinx.com:vek280_es:part0:1.1 available at C:/Xilinx/Vivado/2023.2/data/xhub/boards/XilinxBoardStore/boards/Xilinx/vek280/es/rev_a/1.1/board.xml as part xcve2802-vsvh1760-2lp-e-s-es1 specified in board_part file is either invalid or not available
WARNING: [Board 49-26] cannot add Board Part xilinx.com:vek280_es_revb:part0:1.0 available at C:/Xilinx/Vivado/2023.2/data/xhub/boards/XilinxBoardStore/boards/Xilinx/vek280/es/rev_b/1.0/board.xml as part xcve2802-vsvh1760-2mp-e-s-es1 specified in board_part file is either invalid or not available
WARNING: [Board 49-26] cannot add Board Part xilinx.com:vek280_es_revb:part0:1.1 available at C:/Xilinx/Vivado/2023.2/data/xhub/boards/XilinxBoardStore/boards/Xilinx/vek280/es/rev_b/1.1/board.xml as part xcve2802-vsvh1760-2mp-e-s-es1 specified in board_part file is either invalid or not available
WARNING: [Board 49-26] cannot add Board Part xilinx.com:vermeo_t1_mpsoc:part0:1.0 available at C:/Xilinx/Vivado/2023.2/data/xhub/boards/XilinxBoardStore/boards/Xilinx/vermeo_t1_mpsoc/1.0/board.xml as part xczu19eg-ffvd1760-2l-e specified in board_part file is either invalid or not available
WARNING: [Board 49-26] cannot add Board Part xilinx.com:vermeo_t1_rfsoc:part0:1.0 available at C:/Xilinx/Vivado/2023.2/data/xhub/boards/XilinxBoardStore/boards/Xilinx/vermeo_t1_rfsoc/1.0/board.xml as part xczu21dr-ffvd1156-2l-e specified in board_part file is either invalid or not available
WARNING: [Board 49-26] cannot add Board Part xilinx.com:vhk158:part0:1.0 available at C:/Xilinx/Vivado/2023.2/data/xhub/boards/XilinxBoardStore/boards/Xilinx/vhk158/production/1.0/board.xml as part xcvh1582-vsva3697-2mp-e-s specified in board_part file is either invalid or not available
WARNING: [Board 49-26] cannot add Board Part xilinx.com:vhk158:part0:1.1 available at C:/Xilinx/Vivado/2023.2/data/xhub/boards/XilinxBoardStore/boards/Xilinx/vhk158/production/1.1/board.xml as part xcvh1582-vsva3697-2mp-e-s specified in board_part file is either invalid or not available
WARNING: [Board 49-26] cannot add Board Part xilinx.com:vhk158_es:part0:1.0 available at C:/Xilinx/Vivado/2023.2/data/xhub/boards/XilinxBoardStore/boards/Xilinx/vhk158/es/1.0/board.xml as part xcvh1582-vsva3697-2mp-e-s-es1 specified in board_part file is either invalid or not available
WARNING: [Board 49-26] cannot add Board Part xilinx.com:vhk158_es:part0:1.1 available at C:/Xilinx/Vivado/2023.2/data/xhub/boards/XilinxBoardStore/boards/Xilinx/vhk158/es/1.1/board.xml as part xcvh1582-vsva3697-2mp-e-s-es1 specified in board_part file is either invalid or not available
WARNING: [Board 49-26] cannot add Board Part xilinx.com:vmk180:part0:2.2 available at C:/Xilinx/Vivado/2023.2/data/xhub/boards/XilinxBoardStore/boards/Xilinx/vmk180/production/2.2/board.xml as part xcvm1802-vsva2197-2mp-e-s specified in board_part file is either invalid or not available
WARNING: [Board 49-26] cannot add Board Part xilinx.com:vmk180:part0:3.0 available at C:/Xilinx/Vivado/2023.2/data/xhub/boards/XilinxBoardStore/boards/Xilinx/vmk180/production/3.0/board.xml as part xcvm1802-vsva2197-2mp-e-s specified in board_part file is either invalid or not available
WARNING: [Board 49-26] cannot add Board Part xilinx.com:vmk180:part0:3.1 available at C:/Xilinx/Vivado/2023.2/data/xhub/boards/XilinxBoardStore/boards/Xilinx/vmk180/production/3.1/board.xml as part xcvm1802-vsva2197-2mp-e-s specified in board_part file is either invalid or not available
WARNING: [Board 49-26] cannot add Board Part xilinx.com:vmk180:part0:3.2 available at C:/Xilinx/Vivado/2023.2/data/xhub/boards/XilinxBoardStore/boards/Xilinx/vmk180/production/3.2/board.xml as part xcvm1802-vsva2197-2mp-e-s specified in board_part file is either invalid or not available
WARNING: [Board 49-26] cannot add Board Part xilinx.com:vmk180_newl:part0:1.0 available at C:/Xilinx/Vivado/2023.2/data/xhub/boards/XilinxBoardStore/boards/Xilinx/vmk180_newl/production/1.0/board.xml as part xcvm1802-vsva2197-2mp-e-s specified in board_part file is either invalid or not available
WARNING: [Board 49-26] cannot add Board Part xilinx.com:vmk180_newl:part0:1.1 available at C:/Xilinx/Vivado/2023.2/data/xhub/boards/XilinxBoardStore/boards/Xilinx/vmk180_newl/production/1.1/board.xml as part xcvm1802-vsva2197-2mp-e-s specified in board_part file is either invalid or not available
WARNING: [Board 49-26] cannot add Board Part xilinx.com:vpk120:part0:1.0 available at C:/Xilinx/Vivado/2023.2/data/xhub/boards/XilinxBoardStore/boards/Xilinx/vpk120/production/1.0/board.xml as part xcvp1202-vsva2785-2mp-e-s specified in board_part file is either invalid or not available
WARNING: [Board 49-26] cannot add Board Part xilinx.com:vpk120:part0:1.1 available at C:/Xilinx/Vivado/2023.2/data/xhub/boards/XilinxBoardStore/boards/Xilinx/vpk120/production/1.1/board.xml as part xcvp1202-vsva2785-2mp-e-s specified in board_part file is either invalid or not available
WARNING: [Board 49-26] cannot add Board Part xilinx.com:vpk120:part0:1.2 available at C:/Xilinx/Vivado/2023.2/data/xhub/boards/XilinxBoardStore/boards/Xilinx/vpk120/production/1.2/board.xml as part xcvp1202-vsva2785-2mp-e-s specified in board_part file is either invalid or not available
WARNING: [Board 49-26] cannot add Board Part xilinx.com:vpk180:part0:1.0 available at C:/Xilinx/Vivado/2023.2/data/xhub/boards/XilinxBoardStore/boards/Xilinx/vpk180/production/1.0/board.xml as part xcvp1802-lsvc4072-2mp-e-s specified in board_part file is either invalid or not available
WARNING: [Board 49-26] cannot add Board Part xilinx.com:vpk180:part0:1.1 available at C:/Xilinx/Vivado/2023.2/data/xhub/boards/XilinxBoardStore/boards/Xilinx/vpk180/production/1.1/board.xml as part xcvp1802-lsvc4072-2mp-e-s specified in board_part file is either invalid or not available
WARNING: [Board 49-26] cannot add Board Part xilinx.com:zc706:part0:1.4 available at C:/Xilinx/Vivado/2023.2/data/xhub/boards/XilinxBoardStore/boards/Xilinx/zc706/1.4/board.xml as part xc7z045ffg900-2 specified in board_part file is either invalid or not available
WARNING: [Board 49-26] cannot add Board Part xilinx.com:zcu102:part0:3.3 available at C:/Xilinx/Vivado/2023.2/data/xhub/boards/XilinxBoardStore/boards/Xilinx/zcu102/3.3/board.xml as part xczu9eg-ffvb1156-2-e specified in board_part file is either invalid or not available
WARNING: [Board 49-26] cannot add Board Part xilinx.com:zcu102:part0:3.4 available at C:/Xilinx/Vivado/2023.2/data/xhub/boards/XilinxBoardStore/boards/Xilinx/zcu102/3.4/board.xml as part xczu9eg-ffvb1156-2-e specified in board_part file is either invalid or not available
WARNING: [Board 49-26] cannot add Board Part xilinx.com:zcu111:part0:1.2 available at C:/Xilinx/Vivado/2023.2/data/xhub/boards/XilinxBoardStore/boards/Xilinx/zcu111/1.2/board.xml as part xczu28dr-ffvg1517-2-e specified in board_part file is either invalid or not available
WARNING: [Board 49-26] cannot add Board Part xilinx.com:zcu111:part0:1.3 available at C:/Xilinx/Vivado/2023.2/data/xhub/boards/XilinxBoardStore/boards/Xilinx/zcu111/1.3/board.xml as part xczu28dr-ffvg1517-2-e specified in board_part file is either invalid or not available
WARNING: [Board 49-26] cannot add Board Part xilinx.com:zcu111:part0:1.4 available at C:/Xilinx/Vivado/2023.2/data/xhub/boards/XilinxBoardStore/boards/Xilinx/zcu111/1.4/board.xml as part xczu28dr-ffvg1517-2-e specified in board_part file is either invalid or not available
WARNING: [Board 49-26] cannot add Board Part xilinx.com:zcu1275:part0:1.0 available at C:/Xilinx/Vivado/2023.2/data/xhub/boards/XilinxBoardStore/boards/Xilinx/zcu1275/1.0/board.xml as part xczu29dr-ffvf1760-2-e specified in board_part file is either invalid or not available
WARNING: [Board 49-26] cannot add Board Part xilinx.com:zcu1285:part0:1.0 available at C:/Xilinx/Vivado/2023.2/data/xhub/boards/XilinxBoardStore/boards/Xilinx/zcu1285/1.0/board.xml as part xczu39dr-ffvf1760-2-i specified in board_part file is either invalid or not available
WARNING: [Board 49-26] cannot add Board Part xilinx.com:zcu208:part0:2.0 available at C:/Xilinx/Vivado/2023.2/data/xhub/boards/XilinxBoardStore/boards/Xilinx/zcu208/production/2.0/board.xml as part xczu48dr-fsvg1517-2-e specified in board_part file is either invalid or not available
WARNING: [Board 49-26] cannot add Board Part xilinx.com:zcu208ld:part0:2.0 available at C:/Xilinx/Vivado/2023.2/data/xhub/boards/XilinxBoardStore/boards/Xilinx/zcu208ld/production/2.0/board.xml as part xczu58dr-fsvg1517-2-i specified in board_part file is either invalid or not available
WARNING: [Board 49-26] cannot add Board Part xilinx.com:zcu216:part0:2.0 available at C:/Xilinx/Vivado/2023.2/data/xhub/boards/XilinxBoardStore/boards/Xilinx/zcu216/production/2.0/board.xml as part xczu49dr-ffvf1760-2-e specified in board_part file is either invalid or not available
WARNING: [Board 49-26] cannot add Board Part xilinx.com:zcu216ld:part0:2.0 available at C:/Xilinx/Vivado/2023.2/data/xhub/boards/XilinxBoardStore/boards/Xilinx/zcu216ld/production/2.0/board.xml as part xczu59dr-ffvf1760-2-i specified in board_part file is either invalid or not available
WARNING: [Board 49-26] cannot add Board Part xilinx.com:zcu670:part0:2.0 available at C:/Xilinx/Vivado/2023.2/data/xhub/boards/XilinxBoardStore/boards/Xilinx/zcu670/2.0/board.xml as part xczu67dr-fsve1156-2-i specified in board_part file is either invalid or not available
WARNING: [Board 49-26] cannot add Board Part xilinx.com:zcu670ld:part0:1.0 available at C:/Xilinx/Vivado/2023.2/data/xhub/boards/XilinxBoardStore/boards/Xilinx/zcu670ld/1.0/board.xml as part xczu57dr-fsve1156-2-i specified in board_part file is either invalid or not available
INFO: [Common 17-344] 'open_project' was cancelled
exit
INFO: [Common 17-206] Exiting Vivado at Sat Sep 12 11:30:37 2026...
Finished scanning sources
INFO: [IP_Flow 19-234] Refreshing IP repositories
INFO: [IP_Flow 19-1704] No user IP repositories specified
INFO: [IP_Flow 19-2313] Loaded Vivado IP repository 'C:/Xilinx/Vivado/2023.2/data/ip'.
open_project: Time (s): cpu = 00:01:08 ; elapsed = 00:00:40 . Memory (MB): peak = 1549.027 ; gain = 400.961
update_compile_order -fileset sources_1
copy_run -name impl_1_copy_4 [get_runs impl_1] -parent_run synth_1
copy_run: Time (s): cpu = 00:00:09 ; elapsed = 00:00:06 . Memory (MB): peak = 1593.512 ; gain = 0.000
impl_1_copy_4
set_property verilog_define {SYNTHESIS PRED_PERCEPTRON BP_NO_TABLE_RESET} [current_fileset]
copy_run -name impl_1_copy_5 [get_runs impl_1] -parent_run synth_1
impl_1_copy_5
launch_simulation
Command: launch_simulation 
INFO: [Vivado 12-12493] Simulation top is 'TB'
WARNING: [Vivado 12-13340] Unable to auto find GCC executables from simulator install path! (path not set)
INFO: [Vivado 12-5682] Launching behavioral simulation in 'C:/Users/Prasit/Documents/ACSA_RISCV/vivado_gui/rv_perceptron/rv_perceptron.sim/sim_1/behav/xsim'
INFO: [SIM-utils-51] Simulation object is 'sim_1'
INFO: [SIM-utils-72] Using boost library from 'C:/Xilinx/Vivado/2023.2/tps/boost_1_72_0'
INFO: [SIM-utils-54] Inspecting design source files for 'TB' in fileset 'sim_1'...
INFO: [SIM-utils-43] Exported 'C:/Users/Prasit/Documents/ACSA_RISCV/vivado_gui/rv_perceptron/rv_perceptron.sim/sim_1/behav/xsim/code.mem'
INFO: [SIM-utils-43] Exported 'C:/Users/Prasit/Documents/ACSA_RISCV/vivado_gui/rv_perceptron/rv_perceptron.sim/sim_1/behav/xsim/data.mem'
INFO: [SIM-utils-43] Exported 'C:/Users/Prasit/Documents/ACSA_RISCV/vivado_gui/rv_perceptron/rv_perceptron.sim/sim_1/behav/xsim/code.mem'
INFO: [SIM-utils-43] Exported 'C:/Users/Prasit/Documents/ACSA_RISCV/vivado_gui/rv_perceptron/rv_perceptron.sim/sim_1/behav/xsim/data.mem'
INFO: [USF-XSim-97] Finding global include files...
INFO: [USF-XSim-98] Fetching design files from 'sim_1'...
INFO: [USF-XSim-2] XSim::Compile design
INFO: [USF-XSim-61] Executing 'COMPILE and ANALYZE' step in 'C:/Users/Prasit/Documents/ACSA_RISCV/vivado_gui/rv_perceptron/rv_perceptron.sim/sim_1/behav/xsim'
"xvlog --incr --relax -L uvm -d PRED_PERCEPTRON -i C:\Users\Prasit\Documents\ACSA_RISCV\vivado_gui\rv_perceptron\rv_perceptron.srcs\sources_1\new -prj TB_vlog.prj"
ECHO is off.
ECHO is off.
INFO: [USF-XSim-69] 'compile' step finished in '3' seconds
INFO: [USF-XSim-3] XSim::Elaborate design
INFO: [USF-XSim-61] Executing 'ELABORATE' step in 'C:/Users/Prasit/Documents/ACSA_RISCV/vivado_gui/rv_perceptron/rv_perceptron.sim/sim_1/behav/xsim'
"xelab --incr --debug typical --relax --mt 2 -L xil_defaultlib -L uvm -L unisims_ver -L unimacro_ver -L secureip --snapshot TB_behav xil_defaultlib.TB xil_defaultlib.glbl -log elaborate.log"
ECHO is off.
ECHO is off.
Vivado Simulator v2023.2
Copyright 1986-2022 Xilinx, Inc. All Rights Reserved.
Copyright 2022-2023 Advanced Micro Devices, Inc. All Rights Reserved.
Running: C:/Xilinx/Vivado/2023.2/bin/unwrapped/win64.o/xelab.exe --incr --debug typical --relax --mt 2 -L xil_defaultlib -L uvm -L unisims_ver -L unimacro_ver -L secureip --snapshot TB_behav xil_defaultlib.TB xil_defaultlib.glbl -log elaborate.log 
Using 2 slave threads.
Starting static elaboration
Pass Through NonSizing Optimizer
Completed static elaboration
INFO: [XSIM 43-4323] No Change in HDL. Linking previously generated obj files to create kernel
INFO: [USF-XSim-69] 'elaborate' step finished in '2' seconds
INFO: [USF-XSim-4] XSim::Simulate design
INFO: [USF-XSim-61] Executing 'SIMULATE' step in 'C:/Users/Prasit/Documents/ACSA_RISCV/vivado_gui/rv_perceptron/rv_perceptron.sim/sim_1/behav/xsim'
INFO: [USF-XSim-98] *** Running xsim
   with args "TB_behav -key {Behavioral:sim_1:Functional:TB} -tclbatch {C:/Users/Prasit/Documents/ACSA_RISCV/vivado_gui/rv_perceptron/xsim_waves.tcl} -log {simulate.log}"
INFO: [USF-XSim-8] Loading simulator feature
Time resolution is 1 ps
source C:/Users/Prasit/Documents/ACSA_RISCV/vivado_gui/rv_perceptron/xsim_waves.tcl
# proc rdx {r} {
#   switch -- $r {
#     binary   -
#     bin      { return bin }
#     signed   -
#     dec      { return dec }
#     unsigned { return unsigned }
#     ascii    { return ascii }
#     octal    -
#     oct      { return oct }
#     hex      { return hex }
#     default  { return hex }
#   }
# }
# proc wv {grp path {radix hex} {label ""}} {
#   if {$path eq ""} { return }
#   if {[llength [get_objects -quiet $path]] == 0} {
#     puts "  \[waves\] absent (other predictor build): $path"
#     return
#   }
#   if {[catch {
#     if {$label eq ""} {
#       add_wave -into $grp -radix [rdx $radix] $path
#     } else {
#       add_wave -into $grp -radix [rdx $radix] -name $label $path
#     }
#   } err]} {
#     puts "  \[waves\] FAILED $path : $err"
#   }
# }
# proc find_scope {candidates} {
#   foreach c $candidates {
#     if {[llength [get_scopes -quiet $c]] > 0} { return $c }
#   }
#   return ""
# }
# puts "\n\[waves\] scopes under /TB/uut :"

[waves] scopes under /TB/uut :
# foreach s [get_scopes -quiet /TB/uut/*] { puts "      $s" }
      /TB/uut/hazard
      /TB/uut/fetch
      /TB/uut/decode
      /TB/uut/execute
      /TB/uut/mem
      /TB/uut/wback
      /TB/uut/\gPerceptron.bPredict 
      /TB/uut/NetRegassign27_44
      /TB/uut/NetRegassign334_642
      /TB/uut/NetRegassign335_643
      /TB/uut/NetRegassign336_644
      /TB/uut/NetRegassign337_645
      /TB/uut/NetRegassign338_646
# set BP [find_scope [list \
#   /TB/uut/gPerceptron/bPredict \
#   /TB/uut/gClassic/bPredict \
#   {/TB/uut/gPerceptron.bPredict} \
#   {/TB/uut/gClassic.bPredict} \
#   /TB/uut/bPredict ]]
# if {$BP eq ""} {
#   puts "\[waves\] could not locate the predictor scope -- groups 3/4/6/8 will"
#   puts "\[waves\] be thin. Use the list above to find its real name.\n"
# } else {
#   puts "\[waves\] predictor scope: $BP\n"
# }
[waves] predictor scope: /TB/uut/gPerceptron.bPredict

# set OV ""
# if {$BP ne ""} { set OV [find_scope [list $BP/gOvr]] }
# puts "\n\[waves\] building grouped wave layout ..."

[waves] building grouped wave layout ...
# catch { remove_wave -of [get_wave_config] [get_waves *] }
# set g [add_wave_group "1 - Clock / reset"]
# wv $g /TB/clk          binary
# wv $g /TB/rst          binary
# wv $g /TB/usePredictor binary
# set g [add_wave_group "2 - Fetch"]
# wv $g /TB/uut/fetch/pc          hex      "pc"
# wv $g /TB/uut/F_instr           hex      "instr"
# wv $g /TB/uut/F_pcPlus4         hex      "pc+4"
# wv $g /TB/uut/P_bPredictTaken   binary   "predictTaken (fast)"
# wv $g /TB/uut/P_btbTarget       hex      "btbTarget"
# wv $g /TB/uut/H_stallF          binary   "stallF"
# set g [add_wave_group "3 - Predict (fetch, fast path)"]
# if {$BP ne ""} {
#   wv $g $BP/fBtbHit     binary   "btbHit"
#   wv $g $BP/fPredTaken  binary   "predTaken"
#   wv $g $BP/ghrSpec     binary   "ghrSpec (N1)"
#   # perceptron-only
#   wv $g $BP/fUncond     binary   "isJump"
#   wv $g $BP/fBimTaken   binary   "bimodalTaken"
#   wv $g $BP/fPercIdx    unsigned "percIdx"
#   wv $g $BP/theta       signed   "theta (N2)"
#   # classic-only
#   wv $g $BP/fPhtIdx     unsigned "phtIdx"
# }
  [waves] absent (other predictor build): /TB/uut/gPerceptron.bPredict/fPhtIdx
# set g [add_wave_group "4 - N4 override (decode)"]
# if {$OV ne ""} {
#   wv $g $OV/yD          signed "y (dot product)"
#   wv $g $OV/dFastTaken  binary "fast said"
#   wv $g $OV/dFinalTaken binary "perceptron says"
#   wv $g $OV/dUseBim     binary "N3 gate fired"
# }
# wv $g /TB/uut/P_ovrValid  binary "OVERRIDE"
# wv $g /TB/uut/P_ovrTaken  binary "ovrTaken"
# wv $g /TB/uut/P_ovrTarget hex    "ovrTarget"
# set g [add_wave_group "5 - Execute (resolution)"]
# wv $g /TB/uut/E_pc           hex    "exPc"
# wv $g /TB/uut/E_branch       binary "isBranch"
# wv $g /TB/uut/E_controlXfer  binary "isCtrlXfer"
# wv $g /TB/uut/E_btbUpdate    binary "resolvedTaken"
# wv $g /TB/uut/E_wrongBranch  binary "MISPREDICT"
# wv $g /TB/uut/E_pcTarget     hex    "redirectTo"
# set g [add_wave_group "6 - Train (EX+1)"]
# if {$BP ne ""} {
#   wv $g $BP/tValid     binary   "trainValid"
#   wv $g $BP/tTaken     binary   "outcome"
#   wv $g $BP/tIdx       unsigned "row"
#   wv $g $BP/yT         signed   "y recomputed"
#   wv $g $BP/tPercWrong binary   "perceptron wrong"
#   wv $g $BP/tDoTrain   binary   "UPDATE WEIGHTS"
#   wv $g $BP/ghrArch    binary   "ghrArch (N1)"
# }
# set g [add_wave_group "7 - Hazard / pipeline"]
# wv $g /TB/uut/H_stallD binary
# wv $g /TB/uut/H_flushD binary
# wv $g /TB/uut/H_flushE binary
# wv $g /TB/uut/H_fwdAE  unsigned
# wv $g /TB/uut/H_fwdBE  unsigned
# set g [add_wave_group "8 - Statistics (live)"]
# if {$BP ne ""} {
#   wv $g $BP/st_branches unsigned "branches"
#   wv $g $BP/st_mispred  unsigned "mispredicts"
#   wv $g $BP/st_override unsigned "overrides"
#   wv $g $BP/st_btbMiss  unsigned "btbMisses"
# }
# wv $g /TB/cycles unsigned "cycle count"
# set g [add_wave_group "9 - UART"]
# wv $g /TB/uartWen  binary
# wv $g /TB/uartData ascii "char"
# puts "\[waves\] done -- 9 groups\n"
[waves] done -- 9 groups

# puts "\[waves\] running to \$finish ...\n"
[waves] running to $finish ...

# run all

=========================================================
 RV32I pipeline -- predictor: perceptron
=========================================================
Branch predictor test (RV32I)
Total Cycles (dec):        13571
Number of Control Xfers:   3572
Number of Instructions:    12457
Wrong Branches:            246
CPI:                       1.089
Misprediction Rate (%):    6.8
Final sink:                801
Done.

---------------------------------------------------------
 RESULT (program reached HALT)
---------------------------------------------------------
 predictor              : perceptron
 cycles                 : 36416
 instructions retired   : 35016
 CPI                    : 1.0400
 control transfers      : 12005
 mispredictions         : 382
 misprediction rate     : 3.18 %

 -- perceptron breakdown (conditional branches only) --
 conditional branches   : 11786
 cond. mispredictions   : 307
 cond. mispred rate     : 2.60 %
 BTB misses             : 117
 final theta            : 44
 N4 overrides (1 cycle) : 262
 override rate          : 2.22 % of branches

  confidence gate (N3):
   perceptron chosen     : 11650  (wrong 283)
   bimodal chosen        : 136  (wrong 33)

  if each ran alone:
   perceptron only wrong : 332  (2.82 %)
   bimodal only wrong    : 479  (4.06 %)
   hybrid (actual) wrong : 316  (2.68 %)
---------------------------------------------------------

$finish called at time : 36419500 ps : File "C:/Users/Prasit/Documents/ACSA_RISCV/vivado_gui/rv_perceptron/rv_perceptron.srcs/sim_1/new/TB.sv" Line 122
run: Time (s): cpu = 00:00:08 ; elapsed = 00:00:06 . Memory (MB): peak = 1626.645 ; gain = 2.527
xsim: Time (s): cpu = 00:00:19 ; elapsed = 00:00:14 . Memory (MB): peak = 1626.645 ; gain = 19.141
INFO: [USF-XSim-96] XSim completed. Design snapshot 'TB_behav' loaded.
INFO: [USF-XSim-97] XSim simulation ran for all
launch_simulation: Time (s): cpu = 00:00:21 ; elapsed = 00:00:21 . Memory (MB): peak = 1626.645 ; gain = 19.141
close_sim
INFO: [Simtcl 6-16] Simulation closed
reset_run synth_1
launch_runs synth_1 -jobs 12
WARNING: [Vivado 12-7122] Auto Incremental Compile:: No reference checkpoint was found in run synth_1. Auto-incremental flow will not be run, the standard flow will be run instead.
[Sat Sep 12 12:25:01 2026] Launched synth_1...
Run output will be captured here: C:/Users/Prasit/Documents/ACSA_RISCV/vivado_gui/rv_perceptron/rv_perceptron.runs/synth_1/runme.log
synth_design -rtl -rtl_skip_mlo -name rtl_1
Command: synth_design -rtl -rtl_skip_mlo -name rtl_1
Starting synth_design
Using part: xc7a35tcpg236-1
Top: core
INFO: [Device 21-403] Loading part xc7a35tcpg236-1
INFO: [Synth 8-7079] Multithreading enabled for synth_design using a maximum of 2 processes.
INFO: [Synth 8-7078] Launching helper process for spawning children vivado processes
INFO: [Synth 8-7075] Helper process launched with PID 18852
---------------------------------------------------------------------------------
Starting RTL Elaboration : Time (s): cpu = 00:00:08 ; elapsed = 00:00:08 . Memory (MB): peak = 2728.234 ; gain = 0.000
---------------------------------------------------------------------------------
WARNING: [Synth 8-9535] ignoring re-definition of command line macro 'PRED_PERCEPTRON' [C:/Users/Prasit/Documents/ACSA_RISCV/vivado_gui/rv_perceptron/rv_perceptron.srcs/sources_1/new/bp_config.vh:94]
INFO: [Synth 8-6157] synthesizing module 'core' [C:/Users/Prasit/Documents/ACSA_RISCV/vivado_gui/rv_perceptron/rv_perceptron.srcs/sources_1/new/core.sv:3]
INFO: [Synth 8-6157] synthesizing module 'perceptronPredictor' [C:/Users/Prasit/Documents/ACSA_RISCV/vivado_gui/rv_perceptron/rv_perceptron.srcs/sources_1/new/perceptronPredictor.sv:64]
INFO: [Synth 8-226] default block is never used [C:/Users/Prasit/Documents/ACSA_RISCV/vivado_gui/rv_perceptron/rv_perceptron.srcs/sources_1/new/perceptronPredictor.sv:526]
INFO: [Synth 8-6155] done synthesizing module 'perceptronPredictor' (0#1) [C:/Users/Prasit/Documents/ACSA_RISCV/vivado_gui/rv_perceptron/rv_perceptron.srcs/sources_1/new/perceptronPredictor.sv:64]
INFO: [Synth 8-6157] synthesizing module 'hazardUnit' [C:/Users/Prasit/Documents/ACSA_RISCV/vivado_gui/rv_perceptron/rv_perceptron.srcs/sources_1/new/hazardUnit.sv:1]
INFO: [Synth 8-6155] done synthesizing module 'hazardUnit' (0#1) [C:/Users/Prasit/Documents/ACSA_RISCV/vivado_gui/rv_perceptron/rv_perceptron.srcs/sources_1/new/hazardUnit.sv:1]
INFO: [Synth 8-6157] synthesizing module 'stageInstFetch' [C:/Users/Prasit/Documents/ACSA_RISCV/vivado_gui/rv_perceptron/rv_perceptron.srcs/sources_1/new/stageInstFetch.sv:1]
INFO: [Synth 8-6155] done synthesizing module 'stageInstFetch' (0#1) [C:/Users/Prasit/Documents/ACSA_RISCV/vivado_gui/rv_perceptron/rv_perceptron.srcs/sources_1/new/stageInstFetch.sv:1]
INFO: [Synth 8-6157] synthesizing module 'stageDecode' [C:/Users/Prasit/Documents/ACSA_RISCV/vivado_gui/rv_perceptron/rv_perceptron.srcs/sources_1/new/stageDecode.sv:2]
INFO: [Synth 8-6157] synthesizing module 'controlUnit' [C:/Users/Prasit/Documents/ACSA_RISCV/vivado_gui/rv_perceptron/rv_perceptron.srcs/sources_1/new/controlUnit.sv:1]
INFO: [Synth 8-6155] done synthesizing module 'controlUnit' (0#1) [C:/Users/Prasit/Documents/ACSA_RISCV/vivado_gui/rv_perceptron/rv_perceptron.srcs/sources_1/new/controlUnit.sv:1]
INFO: [Synth 8-6157] synthesizing module 'extend' [C:/Users/Prasit/Documents/ACSA_RISCV/vivado_gui/rv_perceptron/rv_perceptron.srcs/sources_1/new/extend.sv:1]
INFO: [Synth 8-6155] done synthesizing module 'extend' (0#1) [C:/Users/Prasit/Documents/ACSA_RISCV/vivado_gui/rv_perceptron/rv_perceptron.srcs/sources_1/new/extend.sv:1]
INFO: [Synth 8-6157] synthesizing module 'registerFile' [C:/Users/Prasit/Documents/ACSA_RISCV/vivado_gui/rv_perceptron/rv_perceptron.srcs/sources_1/new/registerFile.sv:1]
INFO: [Synth 8-6155] done synthesizing module 'registerFile' (0#1) [C:/Users/Prasit/Documents/ACSA_RISCV/vivado_gui/rv_perceptron/rv_perceptron.srcs/sources_1/new/registerFile.sv:1]
INFO: [Synth 8-6157] synthesizing module 'csrFile' [C:/Users/Prasit/Documents/ACSA_RISCV/vivado_gui/rv_perceptron/rv_perceptron.srcs/sources_1/new/csrFile.sv:14]
INFO: [Synth 8-6155] done synthesizing module 'csrFile' (0#1) [C:/Users/Prasit/Documents/ACSA_RISCV/vivado_gui/rv_perceptron/rv_perceptron.srcs/sources_1/new/csrFile.sv:14]
INFO: [Synth 8-6155] done synthesizing module 'stageDecode' (0#1) [C:/Users/Prasit/Documents/ACSA_RISCV/vivado_gui/rv_perceptron/rv_perceptron.srcs/sources_1/new/stageDecode.sv:2]
INFO: [Synth 8-6157] synthesizing module 'stageExecute' [C:/Users/Prasit/Documents/ACSA_RISCV/vivado_gui/rv_perceptron/rv_perceptron.srcs/sources_1/new/stageExecute.sv:2]
INFO: [Synth 8-6157] synthesizing module 'alu' [C:/Users/Prasit/Documents/ACSA_RISCV/vivado_gui/rv_perceptron/rv_perceptron.srcs/sources_1/new/alu.sv:1]
INFO: [Synth 8-226] default block is never used [C:/Users/Prasit/Documents/ACSA_RISCV/vivado_gui/rv_perceptron/rv_perceptron.srcs/sources_1/new/alu.sv:40]
INFO: [Synth 8-6155] done synthesizing module 'alu' (0#1) [C:/Users/Prasit/Documents/ACSA_RISCV/vivado_gui/rv_perceptron/rv_perceptron.srcs/sources_1/new/alu.sv:1]
INFO: [Synth 8-6157] synthesizing module 'csrUnit' [C:/Users/Prasit/Documents/ACSA_RISCV/vivado_gui/rv_perceptron/rv_perceptron.srcs/sources_1/new/csrUnit.sv:1]
INFO: [Synth 8-6155] done synthesizing module 'csrUnit' (0#1) [C:/Users/Prasit/Documents/ACSA_RISCV/vivado_gui/rv_perceptron/rv_perceptron.srcs/sources_1/new/csrUnit.sv:1]
INFO: [Synth 8-6155] done synthesizing module 'stageExecute' (0#1) [C:/Users/Prasit/Documents/ACSA_RISCV/vivado_gui/rv_perceptron/rv_perceptron.srcs/sources_1/new/stageExecute.sv:2]
INFO: [Synth 8-6157] synthesizing module 'stageMem' [C:/Users/Prasit/Documents/ACSA_RISCV/vivado_gui/rv_perceptron/rv_perceptron.srcs/sources_1/new/stageMem.sv:1]
INFO: [Synth 8-6155] done synthesizing module 'stageMem' (0#1) [C:/Users/Prasit/Documents/ACSA_RISCV/vivado_gui/rv_perceptron/rv_perceptron.srcs/sources_1/new/stageMem.sv:1]
INFO: [Synth 8-6157] synthesizing module 'stageWback' [C:/Users/Prasit/Documents/ACSA_RISCV/vivado_gui/rv_perceptron/rv_perceptron.srcs/sources_1/new/stageWback.sv:1]
INFO: [Synth 8-6155] done synthesizing module 'stageWback' (0#1) [C:/Users/Prasit/Documents/ACSA_RISCV/vivado_gui/rv_perceptron/rv_perceptron.srcs/sources_1/new/stageWback.sv:1]
INFO: [Synth 8-6155] done synthesizing module 'core' (0#1) [C:/Users/Prasit/Documents/ACSA_RISCV/vivado_gui/rv_perceptron/rv_perceptron.srcs/sources_1/new/core.sv:3]
WARNING: [Synth 8-6014] Unused sequential element tExWrong_reg was removed.  [C:/Users/Prasit/Documents/ACSA_RISCV/vivado_gui/rv_perceptron/rv_perceptron.srcs/sources_1/new/perceptronPredictor.sv:456]
WARNING: [Synth 8-6014] Unused sequential element tSpecUpd_reg was removed.  [C:/Users/Prasit/Documents/ACSA_RISCV/vivado_gui/rv_perceptron/rv_perceptron.srcs/sources_1/new/perceptronPredictor.sv:456]
WARNING: [Synth 8-6014] Unused sequential element tCount_reg was removed.  [C:/Users/Prasit/Documents/ACSA_RISCV/vivado_gui/rv_perceptron/rv_perceptron.srcs/sources_1/new/perceptronPredictor.sv:457]
WARNING: [Synth 8-7129] Port wAddr[11] in module csrFile is either unconnected or has no load
WARNING: [Synth 8-7129] Port wAddr[10] in module csrFile is either unconnected or has no load
WARNING: [Synth 8-7129] Port wAddr[9] in module csrFile is either unconnected or has no load
WARNING: [Synth 8-7129] Port wAddr[8] in module csrFile is either unconnected or has no load
WARNING: [Synth 8-7129] Port wAddr[7] in module csrFile is either unconnected or has no load
WARNING: [Synth 8-7129] Port wAddr[6] in module csrFile is either unconnected or has no load
WARNING: [Synth 8-7129] Port wAddr[5] in module csrFile is either unconnected or has no load
WARNING: [Synth 8-7129] Port wAddr[4] in module csrFile is either unconnected or has no load
WARNING: [Synth 8-7129] Port exPc[1] in module perceptronPredictor is either unconnected or has no load
WARNING: [Synth 8-7129] Port exPc[0] in module perceptronPredictor is either unconnected or has no load
---------------------------------------------------------------------------------
Finished RTL Elaboration : Time (s): cpu = 00:00:10 ; elapsed = 00:00:10 . Memory (MB): peak = 2728.234 ; gain = 0.000
---------------------------------------------------------------------------------
---------------------------------------------------------------------------------
Start Handling Custom Attributes
---------------------------------------------------------------------------------
---------------------------------------------------------------------------------
Finished Handling Custom Attributes : Time (s): cpu = 00:00:10 ; elapsed = 00:00:10 . Memory (MB): peak = 2728.234 ; gain = 0.000
---------------------------------------------------------------------------------
---------------------------------------------------------------------------------
Finished RTL Optimization Phase 1 : Time (s): cpu = 00:00:10 ; elapsed = 00:00:10 . Memory (MB): peak = 2728.234 ; gain = 0.000
---------------------------------------------------------------------------------
Netlist sorting complete. Time (s): cpu = 00:00:00 ; elapsed = 00:00:00.039 . Memory (MB): peak = 2728.234 ; gain = 0.000
INFO: [Project 1-570] Preparing netlist for logic optimization

Processing XDC Constraints
Initializing timing engine
Parsing XDC File [C:/Users/Prasit/Documents/ACSA_RISCV/vivado_gui/rv_perceptron/rv_perceptron.srcs/constrs_1/new/timing.xdc]
Finished Parsing XDC File [C:/Users/Prasit/Documents/ACSA_RISCV/vivado_gui/rv_perceptron/rv_perceptron.srcs/constrs_1/new/timing.xdc]
Completed Processing XDC Constraints

Netlist sorting complete. Time (s): cpu = 00:00:00 ; elapsed = 00:00:00.001 . Memory (MB): peak = 2728.234 ; gain = 0.000
INFO: [Project 1-111] Unisim Transformation Summary:
No Unisim elements were transformed.

RTL Elaboration Complete:  : Time (s): cpu = 00:00:19 ; elapsed = 00:00:15 . Memory (MB): peak = 2728.234 ; gain = 0.000
36 Infos, 14 Warnings, 0 Critical Warnings and 0 Errors encountered.
synth_design completed successfully
synth_design: Time (s): cpu = 00:00:23 ; elapsed = 00:00:20 . Memory (MB): peak = 2728.234 ; gain = 0.000
close_design
open_run synth_1 -name synth_1
Design is defaulting to impl run constrset: constrs_1
Design is defaulting to synth run part: xc7a35tcpg236-1
Netlist sorting complete. Time (s): cpu = 00:00:00 ; elapsed = 00:00:00.032 . Memory (MB): peak = 2731.406 ; gain = 0.000
INFO: [Netlist 29-17] Analyzing 750 Unisim elements for replacement
INFO: [Netlist 29-28] Unisim Transformation completed in 0 CPU seconds
INFO: [Project 1-479] Netlist was created with Vivado 2023.2
INFO: [Project 1-570] Preparing netlist for logic optimization
Parsing XDC File [C:/Users/Prasit/Documents/ACSA_RISCV/vivado_gui/rv_perceptron/rv_perceptron.srcs/constrs_1/new/timing.xdc]
Finished Parsing XDC File [C:/Users/Prasit/Documents/ACSA_RISCV/vivado_gui/rv_perceptron/rv_perceptron.srcs/constrs_1/new/timing.xdc]
INFO: [Opt 31-138] Pushed 0 inverter(s) to 0 load pin(s).
Netlist sorting complete. Time (s): cpu = 00:00:00 ; elapsed = 00:00:00.002 . Memory (MB): peak = 2731.406 ; gain = 0.000
INFO: [Project 1-111] Unisim Transformation Summary:
  A total of 382 instances were transformed.
  RAM128X1D => RAM128X1D (MUXF7(x2), RAMD64E(x4)): 56 instances
  RAM32M => RAM32M (inverted pins: WCLK) (RAMD32(x6), RAMS32(x2)): 10 instances
  RAM32X1D => RAM32X1D (inverted pins: WCLK) (RAMD32(x2)): 4 instances
  RAM64M => RAM64M (RAMD64E(x4)): 312 instances

close_design
launch_runs impl_1 -jobs 12
[Sat Sep 12 12:37:34 2026] Launched impl_1...
Run output will be captured here: C:/Users/Prasit/Documents/ACSA_RISCV/vivado_gui/rv_perceptron/rv_perceptron.runs/impl_1/runme.log
open_run impl_1
Netlist sorting complete. Time (s): cpu = 00:00:00 ; elapsed = 00:00:00.030 . Memory (MB): peak = 3192.797 ; gain = 0.000
INFO: [Netlist 29-17] Analyzing 750 Unisim elements for replacement
INFO: [Netlist 29-28] Unisim Transformation completed in 0 CPU seconds
INFO: [Project 1-479] Netlist was created with Vivado 2023.2
INFO: [Project 1-570] Preparing netlist for logic optimization
Read ShapeDB Complete: Time (s): cpu = 00:00:00 ; elapsed = 00:00:00.012 . Memory (MB): peak = 3192.797 ; gain = 0.000
INFO: [Timing 38-478] Restoring timing data from binary archive.
INFO: [Timing 38-479] Binary timing data restore complete.
INFO: [Project 1-856] Restoring constraints from binary archive.
INFO: [Project 1-853] Binary constraint restore complete.
INFO: [Designutils 20-5722] Start Reading Physical Databases.
Reading placement.
Read Netlist Cache: Time (s): cpu = 00:00:00 ; elapsed = 00:00:00.010 . Memory (MB): peak = 3192.797 ; gain = 0.000
Reading placer database...
Read Device Cache: Time (s): cpu = 00:00:00 ; elapsed = 00:00:00.007 . Memory (MB): peak = 3192.797 ; gain = 0.000
Read PlaceDB: Time (s): cpu = 00:00:01 ; elapsed = 00:00:00.246 . Memory (MB): peak = 3192.797 ; gain = 0.000
Read PulsedLatchDB: Time (s): cpu = 00:00:00 ; elapsed = 00:00:00 . Memory (MB): peak = 3192.797 ; gain = 0.000
Reading routing.
Read RouteStorage: Time (s): cpu = 00:00:00 ; elapsed = 00:00:00.242 . Memory (MB): peak = 3192.797 ; gain = 0.000
Read Physdb Files: Time (s): cpu = 00:00:01 ; elapsed = 00:00:00.521 . Memory (MB): peak = 3192.797 ; gain = 0.000
Restored from archive | CPU: 1.000000 secs | Memory: 0.000000 MB |
Finished XDEF File Restore: Time (s): cpu = 00:00:01 ; elapsed = 00:00:00.524 . Memory (MB): peak = 3192.797 ; gain = 0.000
Netlist sorting complete. Time (s): cpu = 00:00:00 ; elapsed = 00:00:00.001 . Memory (MB): peak = 3192.797 ; gain = 0.000
INFO: [Project 1-111] Unisim Transformation Summary:
  A total of 382 instances were transformed.
  RAM128X1D => RAM128X1D (MUXF7(x2), RAMD64E(x4)): 56 instances
  RAM32M => RAM32M (inverted pins: WCLK) (RAMD32(x6), RAMS32(x2)): 10 instances
  RAM32X1D => RAM32X1D (inverted pins: WCLK) (RAMD32(x2)): 4 instances
  RAM64M => RAM64M (RAMD64E(x4)): 312 instances

CRITICAL WARNING: [Timing 38-282] The design failed to meet the timing requirements. Please see the timing summary report for details on the timing violations.
report_utilization -name utilization_1
report_timing_summary -delay_type min_max -report_unconstrained -check_timing_verbose -max_paths 10 -input_pins -routable_nets -name timing_1
INFO: [Timing 38-91] UpdateTimingParams: Speed grade: -1, Delay Type: min_max.
INFO: [Timing 38-191] Multithreading enabled for timing update using a maximum of 2 CPUs
WARNING: [Timing 38-242] The property HD.CLK_SRC of clock port "clk" is not set. In out-of-context mode, this prevents timing estimation for clock delay/skew
Resolution: Set the HD.CLK_SRC property of the out-of-context port to the location of the clock buffer instance in the top-level design
close_design
launch_simulation
Command: launch_simulation 
INFO: [Vivado 12-12493] Simulation top is 'TB'
WARNING: [Vivado 12-13340] Unable to auto find GCC executables from simulator install path! (path not set)
INFO: [Vivado 12-5682] Launching behavioral simulation in 'C:/Users/Prasit/Documents/ACSA_RISCV/vivado_gui/rv_perceptron/rv_perceptron.sim/sim_1/behav/xsim'
INFO: [SIM-utils-51] Simulation object is 'sim_1'
INFO: [SIM-utils-72] Using boost library from 'C:/Xilinx/Vivado/2023.2/tps/boost_1_72_0'
INFO: [SIM-utils-54] Inspecting design source files for 'TB' in fileset 'sim_1'...
INFO: [SIM-utils-43] Exported 'C:/Users/Prasit/Documents/ACSA_RISCV/vivado_gui/rv_perceptron/rv_perceptron.sim/sim_1/behav/xsim/code.mem'
INFO: [SIM-utils-43] Exported 'C:/Users/Prasit/Documents/ACSA_RISCV/vivado_gui/rv_perceptron/rv_perceptron.sim/sim_1/behav/xsim/data.mem'
INFO: [SIM-utils-43] Exported 'C:/Users/Prasit/Documents/ACSA_RISCV/vivado_gui/rv_perceptron/rv_perceptron.sim/sim_1/behav/xsim/code.mem'
INFO: [SIM-utils-43] Exported 'C:/Users/Prasit/Documents/ACSA_RISCV/vivado_gui/rv_perceptron/rv_perceptron.sim/sim_1/behav/xsim/data.mem'
INFO: [USF-XSim-97] Finding global include files...
INFO: [USF-XSim-98] Fetching design files from 'sim_1'...
INFO: [USF-XSim-2] XSim::Compile design
INFO: [USF-XSim-61] Executing 'COMPILE and ANALYZE' step in 'C:/Users/Prasit/Documents/ACSA_RISCV/vivado_gui/rv_perceptron/rv_perceptron.sim/sim_1/behav/xsim'
"xvlog --incr --relax -L uvm -d PRED_PERCEPTRON -i C:\Users\Prasit\Documents\ACSA_RISCV\vivado_gui\rv_perceptron\rv_perceptron.srcs\sources_1\new -prj TB_vlog.prj"
ECHO is off.
ECHO is off.
INFO: [USF-XSim-69] 'compile' step finished in '3' seconds
INFO: [USF-XSim-3] XSim::Elaborate design
INFO: [USF-XSim-61] Executing 'ELABORATE' step in 'C:/Users/Prasit/Documents/ACSA_RISCV/vivado_gui/rv_perceptron/rv_perceptron.sim/sim_1/behav/xsim'
"xelab --incr --debug typical --relax --mt 2 -L xil_defaultlib -L uvm -L unisims_ver -L unimacro_ver -L secureip --snapshot TB_behav xil_defaultlib.TB xil_defaultlib.glbl -log elaborate.log"
ECHO is off.
ECHO is off.
Vivado Simulator v2023.2
Copyright 1986-2022 Xilinx, Inc. All Rights Reserved.
Copyright 2022-2023 Advanced Micro Devices, Inc. All Rights Reserved.
Running: C:/Xilinx/Vivado/2023.2/bin/unwrapped/win64.o/xelab.exe --incr --debug typical --relax --mt 2 -L xil_defaultlib -L uvm -L unisims_ver -L unimacro_ver -L secureip --snapshot TB_behav xil_defaultlib.TB xil_defaultlib.glbl -log elaborate.log 
Using 2 slave threads.
Starting static elaboration
Pass Through NonSizing Optimizer
Completed static elaboration
INFO: [XSIM 43-4323] No Change in HDL. Linking previously generated obj files to create kernel
INFO: [USF-XSim-69] 'elaborate' step finished in '2' seconds
INFO: [USF-XSim-4] XSim::Simulate design
INFO: [USF-XSim-61] Executing 'SIMULATE' step in 'C:/Users/Prasit/Documents/ACSA_RISCV/vivado_gui/rv_perceptron/rv_perceptron.sim/sim_1/behav/xsim'
INFO: [USF-XSim-98] *** Running xsim
   with args "TB_behav -key {Behavioral:sim_1:Functional:TB} -tclbatch {C:/Users/Prasit/Documents/ACSA_RISCV/vivado_gui/rv_perceptron/xsim_waves.tcl} -log {simulate.log}"
INFO: [USF-XSim-8] Loading simulator feature
Time resolution is 1 ps
source C:/Users/Prasit/Documents/ACSA_RISCV/vivado_gui/rv_perceptron/xsim_waves.tcl
# proc rdx {r} {
#   switch -- $r {
#     binary   -
#     bin      { return bin }
#     signed   -
#     dec      { return dec }
#     unsigned { return unsigned }
#     ascii    { return ascii }
#     octal    -
#     oct      { return oct }
#     hex      { return hex }
#     default  { return hex }
#   }
# }
# proc wv {grp path {radix hex} {label ""}} {
#   if {$path eq ""} { return }
#   if {[llength [get_objects -quiet $path]] == 0} {
#     puts "  \[waves\] absent (other predictor build): $path"
#     return
#   }
#   if {[catch {
#     if {$label eq ""} {
#       add_wave -into $grp -radix [rdx $radix] $path
#     } else {
#       add_wave -into $grp -radix [rdx $radix] -name $label $path
#     }
#   } err]} {
#     puts "  \[waves\] FAILED $path : $err"
#   }
# }
# proc find_scope {candidates} {
#   foreach c $candidates {
#     if {[llength [get_scopes -quiet $c]] > 0} { return $c }
#   }
#   return ""
# }
# puts "\n\[waves\] scopes under /TB/uut :"

[waves] scopes under /TB/uut :
# foreach s [get_scopes -quiet /TB/uut/*] { puts "      $s" }
      /TB/uut/hazard
      /TB/uut/fetch
      /TB/uut/decode
      /TB/uut/execute
      /TB/uut/mem
      /TB/uut/wback
      /TB/uut/\gPerceptron.bPredict 
      /TB/uut/NetRegassign27_44
      /TB/uut/NetRegassign334_642
      /TB/uut/NetRegassign335_643
      /TB/uut/NetRegassign336_644
      /TB/uut/NetRegassign337_645
      /TB/uut/NetRegassign338_646
# set BP [find_scope [list \
#   /TB/uut/gPerceptron/bPredict \
#   /TB/uut/gClassic/bPredict \
#   {/TB/uut/gPerceptron.bPredict} \
#   {/TB/uut/gClassic.bPredict} \
#   /TB/uut/bPredict ]]
# if {$BP eq ""} {
#   puts "\[waves\] could not locate the predictor scope -- groups 3/4/6/8 will"
#   puts "\[waves\] be thin. Use the list above to find its real name.\n"
# } else {
#   puts "\[waves\] predictor scope: $BP\n"
# }
[waves] predictor scope: /TB/uut/gPerceptron.bPredict

# set OV ""
# if {$BP ne ""} { set OV [find_scope [list $BP/gOvr]] }
# puts "\n\[waves\] building grouped wave layout ..."

[waves] building grouped wave layout ...
# catch { remove_wave -of [get_wave_config] [get_waves *] }
# set g [add_wave_group "1 - Clock / reset"]
# wv $g /TB/clk          binary
# wv $g /TB/rst          binary
# wv $g /TB/usePredictor binary
# set g [add_wave_group "2 - Fetch"]
# wv $g /TB/uut/fetch/pc          hex      "pc"
# wv $g /TB/uut/F_instr           hex      "instr"
# wv $g /TB/uut/F_pcPlus4         hex      "pc+4"
# wv $g /TB/uut/P_bPredictTaken   binary   "predictTaken (fast)"
# wv $g /TB/uut/P_btbTarget       hex      "btbTarget"
# wv $g /TB/uut/H_stallF          binary   "stallF"
# set g [add_wave_group "3 - Predict (fetch, fast path)"]
# if {$BP ne ""} {
#   wv $g $BP/fBtbHit     binary   "btbHit"
#   wv $g $BP/fPredTaken  binary   "predTaken"
#   wv $g $BP/ghrSpec     binary   "ghrSpec (N1)"
#   # perceptron-only
#   wv $g $BP/fUncond     binary   "isJump"
#   wv $g $BP/fBimTaken   binary   "bimodalTaken"
#   wv $g $BP/fPercIdx    unsigned "percIdx"
#   wv $g $BP/theta       signed   "theta (N2)"
#   # classic-only
#   wv $g $BP/fPhtIdx     unsigned "phtIdx"
# }
  [waves] absent (other predictor build): /TB/uut/gPerceptron.bPredict/fPhtIdx
# set g [add_wave_group "4 - N4 override (decode)"]
# if {$OV ne ""} {
#   wv $g $OV/yD          signed "y (dot product)"
#   wv $g $OV/dFastTaken  binary "fast said"
#   wv $g $OV/dFinalTaken binary "perceptron says"
#   wv $g $OV/dUseBim     binary "N3 gate fired"
# }
# wv $g /TB/uut/P_ovrValid  binary "OVERRIDE"
# wv $g /TB/uut/P_ovrTaken  binary "ovrTaken"
# wv $g /TB/uut/P_ovrTarget hex    "ovrTarget"
# set g [add_wave_group "5 - Execute (resolution)"]
# wv $g /TB/uut/E_pc           hex    "exPc"
# wv $g /TB/uut/E_branch       binary "isBranch"
# wv $g /TB/uut/E_controlXfer  binary "isCtrlXfer"
# wv $g /TB/uut/E_btbUpdate    binary "resolvedTaken"
# wv $g /TB/uut/E_wrongBranch  binary "MISPREDICT"
# wv $g /TB/uut/E_pcTarget     hex    "redirectTo"
# set g [add_wave_group "6 - Train (EX+1)"]
# if {$BP ne ""} {
#   wv $g $BP/tValid     binary   "trainValid"
#   wv $g $BP/tTaken     binary   "outcome"
#   wv $g $BP/tIdx       unsigned "row"
#   wv $g $BP/yT         signed   "y recomputed"
#   wv $g $BP/tPercWrong binary   "perceptron wrong"
#   wv $g $BP/tDoTrain   binary   "UPDATE WEIGHTS"
#   wv $g $BP/ghrArch    binary   "ghrArch (N1)"
# }
# set g [add_wave_group "7 - Hazard / pipeline"]
# wv $g /TB/uut/H_stallD binary
# wv $g /TB/uut/H_flushD binary
# wv $g /TB/uut/H_flushE binary
# wv $g /TB/uut/H_fwdAE  unsigned
# wv $g /TB/uut/H_fwdBE  unsigned
# set g [add_wave_group "8 - Statistics (live)"]
# if {$BP ne ""} {
#   wv $g $BP/st_branches unsigned "branches"
#   wv $g $BP/st_mispred  unsigned "mispredicts"
#   wv $g $BP/st_override unsigned "overrides"
#   wv $g $BP/st_btbMiss  unsigned "btbMisses"
# }
# wv $g /TB/cycles unsigned "cycle count"
# set g [add_wave_group "9 - UART"]
# wv $g /TB/uartWen  binary
# wv $g /TB/uartData ascii "char"
# puts "\[waves\] done -- 9 groups\n"
[waves] done -- 9 groups

# puts "\[waves\] running to \$finish ...\n"
[waves] running to $finish ...

# run all

=========================================================
 RV32I pipeline -- predictor: perceptron
=========================================================
Branch predictor test (RV32I)
Total Cycles (dec):        13571
Number of Control Xfers:   3572
Number of Instructions:    12457
Wrong Branches:            246
CPI:                       1.089
Misprediction Rate (%):    6.8
Final sink:                801
Done.

---------------------------------------------------------
 RESULT (program reached HALT)
---------------------------------------------------------
 predictor              : perceptron
 cycles                 : 36416
 instructions retired   : 35016
 CPI                    : 1.0400
 control transfers      : 12005
 mispredictions         : 382
 misprediction rate     : 3.18 %

 -- perceptron breakdown (conditional branches only) --
 conditional branches   : 11786
 cond. mispredictions   : 307
 cond. mispred rate     : 2.60 %
 BTB misses             : 117
 final theta            : 44
 N4 overrides (1 cycle) : 262
 override rate          : 2.22 % of branches

  confidence gate (N3):
   perceptron chosen     : 11650  (wrong 283)
   bimodal chosen        : 136  (wrong 33)

  if each ran alone:
   perceptron only wrong : 332  (2.82 %)
   bimodal only wrong    : 479  (4.06 %)
   hybrid (actual) wrong : 316  (2.68 %)
---------------------------------------------------------

$finish called at time : 36419500 ps : File "C:/Users/Prasit/Documents/ACSA_RISCV/vivado_gui/rv_perceptron/rv_perceptron.srcs/sim_1/new/TB.sv" Line 122
INFO: [USF-XSim-96] XSim completed. Design snapshot 'TB_behav' loaded.
INFO: [USF-XSim-97] XSim simulation ran for all
launch_simulation: Time (s): cpu = 00:00:05 ; elapsed = 00:00:10 . Memory (MB): peak = 3726.824 ; gain = 39.188
close_sim
INFO: [Simtcl 6-16] Simulation closed
exit
INFO: [Common 17-206] Exiting Vivado at Sat Sep 12 14:36:48 2026...
