#-----------------------------------------------------------
# Vivado v2023.2 (64-bit)
# SW Build 4029153 on Fri Oct 13 20:14:34 MDT 2023
# IP Build 4028589 on Sat Oct 14 00:45:43 MDT 2023
# SharedData Build 4025554 on Tue Oct 10 17:18:54 MDT 2023
# Start of session at: Tue Aug 11 14:55:39 2026
# Process ID: 24340
# Current directory: C:/Users/Prasit/Documents/hsec_proj_all/itoh_inv_final/project_1
# Command line: vivado.exe -mode batch -notrace -source write_timing_netlist.tcl -log postimpl_netlist.log -journal postimpl_netlist.jou
# Log file: C:/Users/Prasit/Documents/hsec_proj_all/itoh_inv_final/project_1/postimpl_netlist.log
# Journal file: C:/Users/Prasit/Documents/hsec_proj_all/itoh_inv_final/project_1\postimpl_netlist.jou
# Running On: DESKTOP-LP0DM3H, OS: Windows, CPU Frequency: 2496 MHz, CPU Physical cores: 10, Host memory: 8245 MB
#-----------------------------------------------------------
source write_timing_netlist.tcl -notrace
Command: open_checkpoint C:/Users/Prasit/Documents/hsec_proj_all/itoh_inv_final/project_1/project_1.runs/impl_1/gf283_top_routed.dcp

Starting open_checkpoint Task

Time (s): cpu = 00:00:00 ; elapsed = 00:00:00.039 . Memory (MB): peak = 306.383 ; gain = 8.180
INFO: [Device 21-403] Loading part xc7a100tcsg324-1
Netlist sorting complete. Time (s): cpu = 00:00:00 ; elapsed = 00:00:00.124 . Memory (MB): peak = 931.703 ; gain = 0.000
INFO: [Netlist 29-17] Analyzing 28 Unisim elements for replacement
INFO: [Netlist 29-28] Unisim Transformation completed in 0 CPU seconds
INFO: [Project 1-479] Netlist was created with Vivado 2023.2
INFO: [Project 1-570] Preparing netlist for logic optimization
Read ShapeDB Complete: Time (s): cpu = 00:00:00 ; elapsed = 00:00:00.069 . Memory (MB): peak = 1046.168 ; gain = 2.902
INFO: [Timing 38-478] Restoring timing data from binary archive.
INFO: [Timing 38-479] Binary timing data restore complete.
INFO: [Project 1-856] Restoring constraints from binary archive.
INFO: [Project 1-853] Binary constraint restore complete.
INFO: [Designutils 20-5722] Start Reading Physical Databases.
Reading placement.
Read Netlist Cache: Time (s): cpu = 00:00:00 ; elapsed = 00:00:00.051 . Memory (MB): peak = 1667.785 ; gain = 0.000
Reading placer database...
Read Device Cache: Time (s): cpu = 00:00:00 ; elapsed = 00:00:00.015 . Memory (MB): peak = 1667.785 ; gain = 0.000
Read PlaceDB: Time (s): cpu = 00:00:00 ; elapsed = 00:00:00.887 . Memory (MB): peak = 1678.551 ; gain = 10.766
Read PulsedLatchDB: Time (s): cpu = 00:00:00 ; elapsed = 00:00:00.002 . Memory (MB): peak = 1678.551 ; gain = 0.000
Reading routing.
Read RouteStorage: Time (s): cpu = 00:00:01 ; elapsed = 00:00:00.679 . Memory (MB): peak = 1686.402 ; gain = 7.852
Read Physdb Files: Time (s): cpu = 00:00:01 ; elapsed = 00:00:02 . Memory (MB): peak = 1686.402 ; gain = 18.617
Restored from archive | CPU: 1.000000 secs | Memory: 0.000000 MB |
Finished XDEF File Restore: Time (s): cpu = 00:00:01 ; elapsed = 00:00:02 . Memory (MB): peak = 1686.402 ; gain = 23.578
Netlist sorting complete. Time (s): cpu = 00:00:00 ; elapsed = 00:00:00.006 . Memory (MB): peak = 1686.402 ; gain = 0.000
INFO: [Project 1-111] Unisim Transformation Summary:
No Unisim elements were transformed.

INFO: [Project 1-604] Checkpoint was created with Vivado v2023.2 (64-bit) build 4029153
open_checkpoint: Time (s): cpu = 00:00:25 ; elapsed = 00:00:31 . Memory (MB): peak = 1692.918 ; gain = 1401.035
write_sdf: Time (s): cpu = 00:00:07 ; elapsed = 00:00:09 . Memory (MB): peak = 1728.758 ; gain = 11.949

==========================================================
 Timing netlist exported to postimpl_sim/
   netlist : 6310007 bytes
   sdf     : 25668784 bytes
 Next: run_postimpl_sim.ps1  (xvlog -> xelab -> xsim)
==========================================================

INFO: [Common 17-206] Exiting Vivado at Tue Aug 11 14:56:24 2026...
