Time resolution is 1 ps

==========================================================
 GF(2^283) top-level testbench
 f(x) = x^283 + x^12 + x^7 + x^5 + 1
 streaming width W = 32, 9 words per operand
==========================================================

---- Multiplication: golden vectors ----
[ PASS] MUL vector 0
[ PASS] MUL vector 1
[ PASS] MUL vector 2
[ PASS] MUL vector 3
[ PASS] MUL vector 4
[ PASS] MUL vector 5
[ PASS] MUL vector 6
[ PASS] MUL vector 7
[ PASS] MUL vector 8
[ PASS] MUL vector 9
[ PASS] MUL vector 10
[ PASS] MUL vector 11

---- Inversion: golden vectors ----
[ PASS] INV vector 0
[ PASS] INV vector 1
[ PASS] INV vector 2
[ PASS] INV vector 3
[ PASS] INV vector 4
[ PASS] INV vector 5
[ PASS] INV vector 6
[ PASS] INV vector 7
[ PASS] INV vector 8
[ PASS] INV vector 9
[ PASS] INV vector 10
[ PASS] INV vector 11

---- Multiplication: random vs reference model ----
[ PASS] MUL random 0
[ PASS] MUL random 1
[ PASS] MUL random 2
[ PASS] MUL random 3
[ PASS] MUL random 4

---- Inversion: random, checked by a * a^-1 == 1 ----
[ PASS] INV random 0  (a * a^-1)
[ PASS] INV random 1  (a * a^-1)
[ PASS] INV random 2  (a * a^-1)
[ PASS] INV random 3  (a * a^-1)
[ PASS] INV random 4  (a * a^-1)

---- Corner case: inversion of zero ----
[ PASS] err_zero asserted for a = 0

==========================================================
 checks run : 35
 failures   : 0
 RESULT     : *** ALL TESTS PASSED ***
==========================================================

$finish called at time : 88086 ns : File "C:/Users/Prasit/Documents/hsec_proj_all/itoh_inv_final/project_1/project_1.srcs/sim_1/new/tb_gf283_top.v" Line 458
