Copyright 1986-2022 Xilinx, Inc. All Rights Reserved. Copyright 2022-2023 Advanced Micro Devices, Inc. All Rights Reserved.
-----------------------------------------------------------------------------------------------------------------------------------------------------------------
| Tool Version : Vivado v.2023.2 (win64) Build 4029153 Fri Oct 13 20:14:34 MDT 2023
| Date         : Tue Aug 11 14:36:48 2026
| Host         : DESKTOP-LP0DM3H running 64-bit major release  (build 9200)
| Command      : report_methodology -file gf283_top_methodology_drc_routed.rpt -pb gf283_top_methodology_drc_routed.pb -rpx gf283_top_methodology_drc_routed.rpx
| Design       : gf283_top
| Device       : xc7a100tcsg324-1
| Speed File   : -1
| Design State : Fully Routed
-----------------------------------------------------------------------------------------------------------------------------------------------------------------

Report Methodology

Table of Contents
-----------------
1. REPORT SUMMARY
2. REPORT DETAILS

1. REPORT SUMMARY
-----------------
            Netlist: netlist
          Floorplan: design_1
      Design limits: <entire design considered>
             Max violations: <unlimited>
             Violations found: 73
+--------+----------+------------------------------------------+------------+
| Rule   | Severity | Description                              | Violations |
+--------+----------+------------------------------------------+------------+
| XDCH-2 | Warning  | Same min and max delay values on IO port | 73         |
+--------+----------+------------------------------------------+------------+

2. REPORT DETAILS
-----------------
XDCH-2#1 Warning
Same min and max delay values on IO port  
The same input delay of 4.000 ns has been defined on port 'in_valid' relative to clock sys_clk for both max and min. Make sure this reflects the design intent.
set_input_delay -clock sys_clk 4.000 [get_ports {start op in_valid {in_word[*]} out_ready}]
C:/Users/Prasit/Documents/hsec_proj_all/itoh_inv_final/project_1/project_1.srcs/constrs_1/new/gf283_top.xdc (Line: 46)
Related violations: <none>

XDCH-2#2 Warning
Same min and max delay values on IO port  
The same input delay of 4.000 ns has been defined on port 'in_word[0]' relative to clock sys_clk for both max and min. Make sure this reflects the design intent.
set_input_delay -clock sys_clk 4.000 [get_ports {start op in_valid {in_word[*]} out_ready}]
C:/Users/Prasit/Documents/hsec_proj_all/itoh_inv_final/project_1/project_1.srcs/constrs_1/new/gf283_top.xdc (Line: 46)
Related violations: <none>

XDCH-2#3 Warning
Same min and max delay values on IO port  
The same input delay of 4.000 ns has been defined on port 'in_word[10]' relative to clock sys_clk for both max and min. Make sure this reflects the design intent.
set_input_delay -clock sys_clk 4.000 [get_ports {start op in_valid {in_word[*]} out_ready}]
C:/Users/Prasit/Documents/hsec_proj_all/itoh_inv_final/project_1/project_1.srcs/constrs_1/new/gf283_top.xdc (Line: 46)
Related violations: <none>

XDCH-2#4 Warning
Same min and max delay values on IO port  
The same input delay of 4.000 ns has been defined on port 'in_word[11]' relative to clock sys_clk for both max and min. Make sure this reflects the design intent.
set_input_delay -clock sys_clk 4.000 [get_ports {start op in_valid {in_word[*]} out_ready}]
C:/Users/Prasit/Documents/hsec_proj_all/itoh_inv_final/project_1/project_1.srcs/constrs_1/new/gf283_top.xdc (Line: 46)
Related violations: <none>

XDCH-2#5 Warning
Same min and max delay values on IO port  
The same input delay of 4.000 ns has been defined on port 'in_word[12]' relative to clock sys_clk for both max and min. Make sure this reflects the design intent.
set_input_delay -clock sys_clk 4.000 [get_ports {start op in_valid {in_word[*]} out_ready}]
C:/Users/Prasit/Documents/hsec_proj_all/itoh_inv_final/project_1/project_1.srcs/constrs_1/new/gf283_top.xdc (Line: 46)
Related violations: <none>

XDCH-2#6 Warning
Same min and max delay values on IO port  
The same input delay of 4.000 ns has been defined on port 'in_word[13]' relative to clock sys_clk for both max and min. Make sure this reflects the design intent.
set_input_delay -clock sys_clk 4.000 [get_ports {start op in_valid {in_word[*]} out_ready}]
C:/Users/Prasit/Documents/hsec_proj_all/itoh_inv_final/project_1/project_1.srcs/constrs_1/new/gf283_top.xdc (Line: 46)
Related violations: <none>

XDCH-2#7 Warning
Same min and max delay values on IO port  
The same input delay of 4.000 ns has been defined on port 'in_word[14]' relative to clock sys_clk for both max and min. Make sure this reflects the design intent.
set_input_delay -clock sys_clk 4.000 [get_ports {start op in_valid {in_word[*]} out_ready}]
C:/Users/Prasit/Documents/hsec_proj_all/itoh_inv_final/project_1/project_1.srcs/constrs_1/new/gf283_top.xdc (Line: 46)
Related violations: <none>

XDCH-2#8 Warning
Same min and max delay values on IO port  
The same input delay of 4.000 ns has been defined on port 'in_word[15]' relative to clock sys_clk for both max and min. Make sure this reflects the design intent.
set_input_delay -clock sys_clk 4.000 [get_ports {start op in_valid {in_word[*]} out_ready}]
C:/Users/Prasit/Documents/hsec_proj_all/itoh_inv_final/project_1/project_1.srcs/constrs_1/new/gf283_top.xdc (Line: 46)
Related violations: <none>

XDCH-2#9 Warning
Same min and max delay values on IO port  
The same input delay of 4.000 ns has been defined on port 'in_word[16]' relative to clock sys_clk for both max and min. Make sure this reflects the design intent.
set_input_delay -clock sys_clk 4.000 [get_ports {start op in_valid {in_word[*]} out_ready}]
C:/Users/Prasit/Documents/hsec_proj_all/itoh_inv_final/project_1/project_1.srcs/constrs_1/new/gf283_top.xdc (Line: 46)
Related violations: <none>

XDCH-2#10 Warning
Same min and max delay values on IO port  
The same input delay of 4.000 ns has been defined on port 'in_word[17]' relative to clock sys_clk for both max and min. Make sure this reflects the design intent.
set_input_delay -clock sys_clk 4.000 [get_ports {start op in_valid {in_word[*]} out_ready}]
C:/Users/Prasit/Documents/hsec_proj_all/itoh_inv_final/project_1/project_1.srcs/constrs_1/new/gf283_top.xdc (Line: 46)
Related violations: <none>

XDCH-2#11 Warning
Same min and max delay values on IO port  
The same input delay of 4.000 ns has been defined on port 'in_word[18]' relative to clock sys_clk for both max and min. Make sure this reflects the design intent.
set_input_delay -clock sys_clk 4.000 [get_ports {start op in_valid {in_word[*]} out_ready}]
C:/Users/Prasit/Documents/hsec_proj_all/itoh_inv_final/project_1/project_1.srcs/constrs_1/new/gf283_top.xdc (Line: 46)
Related violations: <none>

XDCH-2#12 Warning
Same min and max delay values on IO port  
The same input delay of 4.000 ns has been defined on port 'in_word[19]' relative to clock sys_clk for both max and min. Make sure this reflects the design intent.
set_input_delay -clock sys_clk 4.000 [get_ports {start op in_valid {in_word[*]} out_ready}]
C:/Users/Prasit/Documents/hsec_proj_all/itoh_inv_final/project_1/project_1.srcs/constrs_1/new/gf283_top.xdc (Line: 46)
Related violations: <none>

XDCH-2#13 Warning
Same min and max delay values on IO port  
The same input delay of 4.000 ns has been defined on port 'in_word[1]' relative to clock sys_clk for both max and min. Make sure this reflects the design intent.
set_input_delay -clock sys_clk 4.000 [get_ports {start op in_valid {in_word[*]} out_ready}]
C:/Users/Prasit/Documents/hsec_proj_all/itoh_inv_final/project_1/project_1.srcs/constrs_1/new/gf283_top.xdc (Line: 46)
Related violations: <none>

XDCH-2#14 Warning
Same min and max delay values on IO port  
The same input delay of 4.000 ns has been defined on port 'in_word[20]' relative to clock sys_clk for both max and min. Make sure this reflects the design intent.
set_input_delay -clock sys_clk 4.000 [get_ports {start op in_valid {in_word[*]} out_ready}]
C:/Users/Prasit/Documents/hsec_proj_all/itoh_inv_final/project_1/project_1.srcs/constrs_1/new/gf283_top.xdc (Line: 46)
Related violations: <none>

XDCH-2#15 Warning
Same min and max delay values on IO port  
The same input delay of 4.000 ns has been defined on port 'in_word[21]' relative to clock sys_clk for both max and min. Make sure this reflects the design intent.
set_input_delay -clock sys_clk 4.000 [get_ports {start op in_valid {in_word[*]} out_ready}]
C:/Users/Prasit/Documents/hsec_proj_all/itoh_inv_final/project_1/project_1.srcs/constrs_1/new/gf283_top.xdc (Line: 46)
Related violations: <none>

XDCH-2#16 Warning
Same min and max delay values on IO port  
The same input delay of 4.000 ns has been defined on port 'in_word[22]' relative to clock sys_clk for both max and min. Make sure this reflects the design intent.
set_input_delay -clock sys_clk 4.000 [get_ports {start op in_valid {in_word[*]} out_ready}]
C:/Users/Prasit/Documents/hsec_proj_all/itoh_inv_final/project_1/project_1.srcs/constrs_1/new/gf283_top.xdc (Line: 46)
Related violations: <none>

XDCH-2#17 Warning
Same min and max delay values on IO port  
The same input delay of 4.000 ns has been defined on port 'in_word[23]' relative to clock sys_clk for both max and min. Make sure this reflects the design intent.
set_input_delay -clock sys_clk 4.000 [get_ports {start op in_valid {in_word[*]} out_ready}]
C:/Users/Prasit/Documents/hsec_proj_all/itoh_inv_final/project_1/project_1.srcs/constrs_1/new/gf283_top.xdc (Line: 46)
Related violations: <none>

XDCH-2#18 Warning
Same min and max delay values on IO port  
The same input delay of 4.000 ns has been defined on port 'in_word[24]' relative to clock sys_clk for both max and min. Make sure this reflects the design intent.
set_input_delay -clock sys_clk 4.000 [get_ports {start op in_valid {in_word[*]} out_ready}]
C:/Users/Prasit/Documents/hsec_proj_all/itoh_inv_final/project_1/project_1.srcs/constrs_1/new/gf283_top.xdc (Line: 46)
Related violations: <none>

XDCH-2#19 Warning
Same min and max delay values on IO port  
The same input delay of 4.000 ns has been defined on port 'in_word[25]' relative to clock sys_clk for both max and min. Make sure this reflects the design intent.
set_input_delay -clock sys_clk 4.000 [get_ports {start op in_valid {in_word[*]} out_ready}]
C:/Users/Prasit/Documents/hsec_proj_all/itoh_inv_final/project_1/project_1.srcs/constrs_1/new/gf283_top.xdc (Line: 46)
Related violations: <none>

XDCH-2#20 Warning
Same min and max delay values on IO port  
The same input delay of 4.000 ns has been defined on port 'in_word[26]' relative to clock sys_clk for both max and min. Make sure this reflects the design intent.
set_input_delay -clock sys_clk 4.000 [get_ports {start op in_valid {in_word[*]} out_ready}]
C:/Users/Prasit/Documents/hsec_proj_all/itoh_inv_final/project_1/project_1.srcs/constrs_1/new/gf283_top.xdc (Line: 46)
Related violations: <none>

XDCH-2#21 Warning
Same min and max delay values on IO port  
The same input delay of 4.000 ns has been defined on port 'in_word[27]' relative to clock sys_clk for both max and min. Make sure this reflects the design intent.
set_input_delay -clock sys_clk 4.000 [get_ports {start op in_valid {in_word[*]} out_ready}]
C:/Users/Prasit/Documents/hsec_proj_all/itoh_inv_final/project_1/project_1.srcs/constrs_1/new/gf283_top.xdc (Line: 46)
Related violations: <none>

XDCH-2#22 Warning
Same min and max delay values on IO port  
The same input delay of 4.000 ns has been defined on port 'in_word[28]' relative to clock sys_clk for both max and min. Make sure this reflects the design intent.
set_input_delay -clock sys_clk 4.000 [get_ports {start op in_valid {in_word[*]} out_ready}]
C:/Users/Prasit/Documents/hsec_proj_all/itoh_inv_final/project_1/project_1.srcs/constrs_1/new/gf283_top.xdc (Line: 46)
Related violations: <none>

XDCH-2#23 Warning
Same min and max delay values on IO port  
The same input delay of 4.000 ns has been defined on port 'in_word[29]' relative to clock sys_clk for both max and min. Make sure this reflects the design intent.
set_input_delay -clock sys_clk 4.000 [get_ports {start op in_valid {in_word[*]} out_ready}]
C:/Users/Prasit/Documents/hsec_proj_all/itoh_inv_final/project_1/project_1.srcs/constrs_1/new/gf283_top.xdc (Line: 46)
Related violations: <none>

XDCH-2#24 Warning
Same min and max delay values on IO port  
The same input delay of 4.000 ns has been defined on port 'in_word[2]' relative to clock sys_clk for both max and min. Make sure this reflects the design intent.
set_input_delay -clock sys_clk 4.000 [get_ports {start op in_valid {in_word[*]} out_ready}]
C:/Users/Prasit/Documents/hsec_proj_all/itoh_inv_final/project_1/project_1.srcs/constrs_1/new/gf283_top.xdc (Line: 46)
Related violations: <none>

XDCH-2#25 Warning
Same min and max delay values on IO port  
The same input delay of 4.000 ns has been defined on port 'in_word[30]' relative to clock sys_clk for both max and min. Make sure this reflects the design intent.
set_input_delay -clock sys_clk 4.000 [get_ports {start op in_valid {in_word[*]} out_ready}]
C:/Users/Prasit/Documents/hsec_proj_all/itoh_inv_final/project_1/project_1.srcs/constrs_1/new/gf283_top.xdc (Line: 46)
Related violations: <none>

XDCH-2#26 Warning
Same min and max delay values on IO port  
The same input delay of 4.000 ns has been defined on port 'in_word[31]' relative to clock sys_clk for both max and min. Make sure this reflects the design intent.
set_input_delay -clock sys_clk 4.000 [get_ports {start op in_valid {in_word[*]} out_ready}]
C:/Users/Prasit/Documents/hsec_proj_all/itoh_inv_final/project_1/project_1.srcs/constrs_1/new/gf283_top.xdc (Line: 46)
Related violations: <none>

XDCH-2#27 Warning
Same min and max delay values on IO port  
The same input delay of 4.000 ns has been defined on port 'in_word[3]' relative to clock sys_clk for both max and min. Make sure this reflects the design intent.
set_input_delay -clock sys_clk 4.000 [get_ports {start op in_valid {in_word[*]} out_ready}]
C:/Users/Prasit/Documents/hsec_proj_all/itoh_inv_final/project_1/project_1.srcs/constrs_1/new/gf283_top.xdc (Line: 46)
Related violations: <none>

XDCH-2#28 Warning
Same min and max delay values on IO port  
The same input delay of 4.000 ns has been defined on port 'in_word[4]' relative to clock sys_clk for both max and min. Make sure this reflects the design intent.
set_input_delay -clock sys_clk 4.000 [get_ports {start op in_valid {in_word[*]} out_ready}]
C:/Users/Prasit/Documents/hsec_proj_all/itoh_inv_final/project_1/project_1.srcs/constrs_1/new/gf283_top.xdc (Line: 46)
Related violations: <none>

XDCH-2#29 Warning
Same min and max delay values on IO port  
The same input delay of 4.000 ns has been defined on port 'in_word[5]' relative to clock sys_clk for both max and min. Make sure this reflects the design intent.
set_input_delay -clock sys_clk 4.000 [get_ports {start op in_valid {in_word[*]} out_ready}]
C:/Users/Prasit/Documents/hsec_proj_all/itoh_inv_final/project_1/project_1.srcs/constrs_1/new/gf283_top.xdc (Line: 46)
Related violations: <none>

XDCH-2#30 Warning
Same min and max delay values on IO port  
The same input delay of 4.000 ns has been defined on port 'in_word[6]' relative to clock sys_clk for both max and min. Make sure this reflects the design intent.
set_input_delay -clock sys_clk 4.000 [get_ports {start op in_valid {in_word[*]} out_ready}]
C:/Users/Prasit/Documents/hsec_proj_all/itoh_inv_final/project_1/project_1.srcs/constrs_1/new/gf283_top.xdc (Line: 46)
Related violations: <none>

XDCH-2#31 Warning
Same min and max delay values on IO port  
The same input delay of 4.000 ns has been defined on port 'in_word[7]' relative to clock sys_clk for both max and min. Make sure this reflects the design intent.
set_input_delay -clock sys_clk 4.000 [get_ports {start op in_valid {in_word[*]} out_ready}]
C:/Users/Prasit/Documents/hsec_proj_all/itoh_inv_final/project_1/project_1.srcs/constrs_1/new/gf283_top.xdc (Line: 46)
Related violations: <none>

XDCH-2#32 Warning
Same min and max delay values on IO port  
The same input delay of 4.000 ns has been defined on port 'in_word[8]' relative to clock sys_clk for both max and min. Make sure this reflects the design intent.
set_input_delay -clock sys_clk 4.000 [get_ports {start op in_valid {in_word[*]} out_ready}]
C:/Users/Prasit/Documents/hsec_proj_all/itoh_inv_final/project_1/project_1.srcs/constrs_1/new/gf283_top.xdc (Line: 46)
Related violations: <none>

XDCH-2#33 Warning
Same min and max delay values on IO port  
The same input delay of 4.000 ns has been defined on port 'in_word[9]' relative to clock sys_clk for both max and min. Make sure this reflects the design intent.
set_input_delay -clock sys_clk 4.000 [get_ports {start op in_valid {in_word[*]} out_ready}]
C:/Users/Prasit/Documents/hsec_proj_all/itoh_inv_final/project_1/project_1.srcs/constrs_1/new/gf283_top.xdc (Line: 46)
Related violations: <none>

XDCH-2#34 Warning
Same min and max delay values on IO port  
The same input delay of 4.000 ns has been defined on port 'op' relative to clock sys_clk for both max and min. Make sure this reflects the design intent.
set_input_delay -clock sys_clk 4.000 [get_ports {start op in_valid {in_word[*]} out_ready}]
C:/Users/Prasit/Documents/hsec_proj_all/itoh_inv_final/project_1/project_1.srcs/constrs_1/new/gf283_top.xdc (Line: 46)
Related violations: <none>

XDCH-2#35 Warning
Same min and max delay values on IO port  
The same input delay of 4.000 ns has been defined on port 'out_ready' relative to clock sys_clk for both max and min. Make sure this reflects the design intent.
set_input_delay -clock sys_clk 4.000 [get_ports {start op in_valid {in_word[*]} out_ready}]
C:/Users/Prasit/Documents/hsec_proj_all/itoh_inv_final/project_1/project_1.srcs/constrs_1/new/gf283_top.xdc (Line: 46)
Related violations: <none>

XDCH-2#36 Warning
Same min and max delay values on IO port  
The same input delay of 4.000 ns has been defined on port 'start' relative to clock sys_clk for both max and min. Make sure this reflects the design intent.
set_input_delay -clock sys_clk 4.000 [get_ports {start op in_valid {in_word[*]} out_ready}]
C:/Users/Prasit/Documents/hsec_proj_all/itoh_inv_final/project_1/project_1.srcs/constrs_1/new/gf283_top.xdc (Line: 46)
Related violations: <none>

XDCH-2#37 Warning
Same min and max delay values on IO port  
The same output delay of 4.000 ns has been defined on port 'busy' relative to clock sys_clk for both max and min. Make sure this reflects the design intent.
set_output_delay -clock sys_clk 4.000 [get_ports {in_ready out_valid {out_word[*]} busy done err_zero}]
C:/Users/Prasit/Documents/hsec_proj_all/itoh_inv_final/project_1/project_1.srcs/constrs_1/new/gf283_top.xdc (Line: 47)
Related violations: <none>

XDCH-2#38 Warning
Same min and max delay values on IO port  
The same output delay of 4.000 ns has been defined on port 'done' relative to clock sys_clk for both max and min. Make sure this reflects the design intent.
set_output_delay -clock sys_clk 4.000 [get_ports {in_ready out_valid {out_word[*]} busy done err_zero}]
C:/Users/Prasit/Documents/hsec_proj_all/itoh_inv_final/project_1/project_1.srcs/constrs_1/new/gf283_top.xdc (Line: 47)
Related violations: <none>

XDCH-2#39 Warning
Same min and max delay values on IO port  
The same output delay of 4.000 ns has been defined on port 'err_zero' relative to clock sys_clk for both max and min. Make sure this reflects the design intent.
set_output_delay -clock sys_clk 4.000 [get_ports {in_ready out_valid {out_word[*]} busy done err_zero}]
C:/Users/Prasit/Documents/hsec_proj_all/itoh_inv_final/project_1/project_1.srcs/constrs_1/new/gf283_top.xdc (Line: 47)
Related violations: <none>

XDCH-2#40 Warning
Same min and max delay values on IO port  
The same output delay of 4.000 ns has been defined on port 'in_ready' relative to clock sys_clk for both max and min. Make sure this reflects the design intent.
set_output_delay -clock sys_clk 4.000 [get_ports {in_ready out_valid {out_word[*]} busy done err_zero}]
C:/Users/Prasit/Documents/hsec_proj_all/itoh_inv_final/project_1/project_1.srcs/constrs_1/new/gf283_top.xdc (Line: 47)
Related violations: <none>

XDCH-2#41 Warning
Same min and max delay values on IO port  
The same output delay of 4.000 ns has been defined on port 'out_valid' relative to clock sys_clk for both max and min. Make sure this reflects the design intent.
set_output_delay -clock sys_clk 4.000 [get_ports {in_ready out_valid {out_word[*]} busy done err_zero}]
C:/Users/Prasit/Documents/hsec_proj_all/itoh_inv_final/project_1/project_1.srcs/constrs_1/new/gf283_top.xdc (Line: 47)
Related violations: <none>

XDCH-2#42 Warning
Same min and max delay values on IO port  
The same output delay of 4.000 ns has been defined on port 'out_word[0]' relative to clock sys_clk for both max and min. Make sure this reflects the design intent.
set_output_delay -clock sys_clk 4.000 [get_ports {in_ready out_valid {out_word[*]} busy done err_zero}]
C:/Users/Prasit/Documents/hsec_proj_all/itoh_inv_final/project_1/project_1.srcs/constrs_1/new/gf283_top.xdc (Line: 47)
Related violations: <none>

XDCH-2#43 Warning
Same min and max delay values on IO port  
The same output delay of 4.000 ns has been defined on port 'out_word[10]' relative to clock sys_clk for both max and min. Make sure this reflects the design intent.
set_output_delay -clock sys_clk 4.000 [get_ports {in_ready out_valid {out_word[*]} busy done err_zero}]
C:/Users/Prasit/Documents/hsec_proj_all/itoh_inv_final/project_1/project_1.srcs/constrs_1/new/gf283_top.xdc (Line: 47)
Related violations: <none>

XDCH-2#44 Warning
Same min and max delay values on IO port  
The same output delay of 4.000 ns has been defined on port 'out_word[11]' relative to clock sys_clk for both max and min. Make sure this reflects the design intent.
set_output_delay -clock sys_clk 4.000 [get_ports {in_ready out_valid {out_word[*]} busy done err_zero}]
C:/Users/Prasit/Documents/hsec_proj_all/itoh_inv_final/project_1/project_1.srcs/constrs_1/new/gf283_top.xdc (Line: 47)
Related violations: <none>

XDCH-2#45 Warning
Same min and max delay values on IO port  
The same output delay of 4.000 ns has been defined on port 'out_word[12]' relative to clock sys_clk for both max and min. Make sure this reflects the design intent.
set_output_delay -clock sys_clk 4.000 [get_ports {in_ready out_valid {out_word[*]} busy done err_zero}]
C:/Users/Prasit/Documents/hsec_proj_all/itoh_inv_final/project_1/project_1.srcs/constrs_1/new/gf283_top.xdc (Line: 47)
Related violations: <none>

XDCH-2#46 Warning
Same min and max delay values on IO port  
The same output delay of 4.000 ns has been defined on port 'out_word[13]' relative to clock sys_clk for both max and min. Make sure this reflects the design intent.
set_output_delay -clock sys_clk 4.000 [get_ports {in_ready out_valid {out_word[*]} busy done err_zero}]
C:/Users/Prasit/Documents/hsec_proj_all/itoh_inv_final/project_1/project_1.srcs/constrs_1/new/gf283_top.xdc (Line: 47)
Related violations: <none>

XDCH-2#47 Warning
Same min and max delay values on IO port  
The same output delay of 4.000 ns has been defined on port 'out_word[14]' relative to clock sys_clk for both max and min. Make sure this reflects the design intent.
set_output_delay -clock sys_clk 4.000 [get_ports {in_ready out_valid {out_word[*]} busy done err_zero}]
C:/Users/Prasit/Documents/hsec_proj_all/itoh_inv_final/project_1/project_1.srcs/constrs_1/new/gf283_top.xdc (Line: 47)
Related violations: <none>

XDCH-2#48 Warning
Same min and max delay values on IO port  
The same output delay of 4.000 ns has been defined on port 'out_word[15]' relative to clock sys_clk for both max and min. Make sure this reflects the design intent.
set_output_delay -clock sys_clk 4.000 [get_ports {in_ready out_valid {out_word[*]} busy done err_zero}]
C:/Users/Prasit/Documents/hsec_proj_all/itoh_inv_final/project_1/project_1.srcs/constrs_1/new/gf283_top.xdc (Line: 47)
Related violations: <none>

XDCH-2#49 Warning
Same min and max delay values on IO port  
The same output delay of 4.000 ns has been defined on port 'out_word[16]' relative to clock sys_clk for both max and min. Make sure this reflects the design intent.
set_output_delay -clock sys_clk 4.000 [get_ports {in_ready out_valid {out_word[*]} busy done err_zero}]
C:/Users/Prasit/Documents/hsec_proj_all/itoh_inv_final/project_1/project_1.srcs/constrs_1/new/gf283_top.xdc (Line: 47)
Related violations: <none>

XDCH-2#50 Warning
Same min and max delay values on IO port  
The same output delay of 4.000 ns has been defined on port 'out_word[17]' relative to clock sys_clk for both max and min. Make sure this reflects the design intent.
set_output_delay -clock sys_clk 4.000 [get_ports {in_ready out_valid {out_word[*]} busy done err_zero}]
C:/Users/Prasit/Documents/hsec_proj_all/itoh_inv_final/project_1/project_1.srcs/constrs_1/new/gf283_top.xdc (Line: 47)
Related violations: <none>

XDCH-2#51 Warning
Same min and max delay values on IO port  
The same output delay of 4.000 ns has been defined on port 'out_word[18]' relative to clock sys_clk for both max and min. Make sure this reflects the design intent.
set_output_delay -clock sys_clk 4.000 [get_ports {in_ready out_valid {out_word[*]} busy done err_zero}]
C:/Users/Prasit/Documents/hsec_proj_all/itoh_inv_final/project_1/project_1.srcs/constrs_1/new/gf283_top.xdc (Line: 47)
Related violations: <none>

XDCH-2#52 Warning
Same min and max delay values on IO port  
The same output delay of 4.000 ns has been defined on port 'out_word[19]' relative to clock sys_clk for both max and min. Make sure this reflects the design intent.
set_output_delay -clock sys_clk 4.000 [get_ports {in_ready out_valid {out_word[*]} busy done err_zero}]
C:/Users/Prasit/Documents/hsec_proj_all/itoh_inv_final/project_1/project_1.srcs/constrs_1/new/gf283_top.xdc (Line: 47)
Related violations: <none>

XDCH-2#53 Warning
Same min and max delay values on IO port  
The same output delay of 4.000 ns has been defined on port 'out_word[1]' relative to clock sys_clk for both max and min. Make sure this reflects the design intent.
set_output_delay -clock sys_clk 4.000 [get_ports {in_ready out_valid {out_word[*]} busy done err_zero}]
C:/Users/Prasit/Documents/hsec_proj_all/itoh_inv_final/project_1/project_1.srcs/constrs_1/new/gf283_top.xdc (Line: 47)
Related violations: <none>

XDCH-2#54 Warning
Same min and max delay values on IO port  
The same output delay of 4.000 ns has been defined on port 'out_word[20]' relative to clock sys_clk for both max and min. Make sure this reflects the design intent.
set_output_delay -clock sys_clk 4.000 [get_ports {in_ready out_valid {out_word[*]} busy done err_zero}]
C:/Users/Prasit/Documents/hsec_proj_all/itoh_inv_final/project_1/project_1.srcs/constrs_1/new/gf283_top.xdc (Line: 47)
Related violations: <none>

XDCH-2#55 Warning
Same min and max delay values on IO port  
The same output delay of 4.000 ns has been defined on port 'out_word[21]' relative to clock sys_clk for both max and min. Make sure this reflects the design intent.
set_output_delay -clock sys_clk 4.000 [get_ports {in_ready out_valid {out_word[*]} busy done err_zero}]
C:/Users/Prasit/Documents/hsec_proj_all/itoh_inv_final/project_1/project_1.srcs/constrs_1/new/gf283_top.xdc (Line: 47)
Related violations: <none>

XDCH-2#56 Warning
Same min and max delay values on IO port  
The same output delay of 4.000 ns has been defined on port 'out_word[22]' relative to clock sys_clk for both max and min. Make sure this reflects the design intent.
set_output_delay -clock sys_clk 4.000 [get_ports {in_ready out_valid {out_word[*]} busy done err_zero}]
C:/Users/Prasit/Documents/hsec_proj_all/itoh_inv_final/project_1/project_1.srcs/constrs_1/new/gf283_top.xdc (Line: 47)
Related violations: <none>

XDCH-2#57 Warning
Same min and max delay values on IO port  
The same output delay of 4.000 ns has been defined on port 'out_word[23]' relative to clock sys_clk for both max and min. Make sure this reflects the design intent.
set_output_delay -clock sys_clk 4.000 [get_ports {in_ready out_valid {out_word[*]} busy done err_zero}]
C:/Users/Prasit/Documents/hsec_proj_all/itoh_inv_final/project_1/project_1.srcs/constrs_1/new/gf283_top.xdc (Line: 47)
Related violations: <none>

XDCH-2#58 Warning
Same min and max delay values on IO port  
The same output delay of 4.000 ns has been defined on port 'out_word[24]' relative to clock sys_clk for both max and min. Make sure this reflects the design intent.
set_output_delay -clock sys_clk 4.000 [get_ports {in_ready out_valid {out_word[*]} busy done err_zero}]
C:/Users/Prasit/Documents/hsec_proj_all/itoh_inv_final/project_1/project_1.srcs/constrs_1/new/gf283_top.xdc (Line: 47)
Related violations: <none>

XDCH-2#59 Warning
Same min and max delay values on IO port  
The same output delay of 4.000 ns has been defined on port 'out_word[25]' relative to clock sys_clk for both max and min. Make sure this reflects the design intent.
set_output_delay -clock sys_clk 4.000 [get_ports {in_ready out_valid {out_word[*]} busy done err_zero}]
C:/Users/Prasit/Documents/hsec_proj_all/itoh_inv_final/project_1/project_1.srcs/constrs_1/new/gf283_top.xdc (Line: 47)
Related violations: <none>

XDCH-2#60 Warning
Same min and max delay values on IO port  
The same output delay of 4.000 ns has been defined on port 'out_word[26]' relative to clock sys_clk for both max and min. Make sure this reflects the design intent.
set_output_delay -clock sys_clk 4.000 [get_ports {in_ready out_valid {out_word[*]} busy done err_zero}]
C:/Users/Prasit/Documents/hsec_proj_all/itoh_inv_final/project_1/project_1.srcs/constrs_1/new/gf283_top.xdc (Line: 47)
Related violations: <none>

XDCH-2#61 Warning
Same min and max delay values on IO port  
The same output delay of 4.000 ns has been defined on port 'out_word[27]' relative to clock sys_clk for both max and min. Make sure this reflects the design intent.
set_output_delay -clock sys_clk 4.000 [get_ports {in_ready out_valid {out_word[*]} busy done err_zero}]
C:/Users/Prasit/Documents/hsec_proj_all/itoh_inv_final/project_1/project_1.srcs/constrs_1/new/gf283_top.xdc (Line: 47)
Related violations: <none>

XDCH-2#62 Warning
Same min and max delay values on IO port  
The same output delay of 4.000 ns has been defined on port 'out_word[28]' relative to clock sys_clk for both max and min. Make sure this reflects the design intent.
set_output_delay -clock sys_clk 4.000 [get_ports {in_ready out_valid {out_word[*]} busy done err_zero}]
C:/Users/Prasit/Documents/hsec_proj_all/itoh_inv_final/project_1/project_1.srcs/constrs_1/new/gf283_top.xdc (Line: 47)
Related violations: <none>

XDCH-2#63 Warning
Same min and max delay values on IO port  
The same output delay of 4.000 ns has been defined on port 'out_word[29]' relative to clock sys_clk for both max and min. Make sure this reflects the design intent.
set_output_delay -clock sys_clk 4.000 [get_ports {in_ready out_valid {out_word[*]} busy done err_zero}]
C:/Users/Prasit/Documents/hsec_proj_all/itoh_inv_final/project_1/project_1.srcs/constrs_1/new/gf283_top.xdc (Line: 47)
Related violations: <none>

XDCH-2#64 Warning
Same min and max delay values on IO port  
The same output delay of 4.000 ns has been defined on port 'out_word[2]' relative to clock sys_clk for both max and min. Make sure this reflects the design intent.
set_output_delay -clock sys_clk 4.000 [get_ports {in_ready out_valid {out_word[*]} busy done err_zero}]
C:/Users/Prasit/Documents/hsec_proj_all/itoh_inv_final/project_1/project_1.srcs/constrs_1/new/gf283_top.xdc (Line: 47)
Related violations: <none>

XDCH-2#65 Warning
Same min and max delay values on IO port  
The same output delay of 4.000 ns has been defined on port 'out_word[30]' relative to clock sys_clk for both max and min. Make sure this reflects the design intent.
set_output_delay -clock sys_clk 4.000 [get_ports {in_ready out_valid {out_word[*]} busy done err_zero}]
C:/Users/Prasit/Documents/hsec_proj_all/itoh_inv_final/project_1/project_1.srcs/constrs_1/new/gf283_top.xdc (Line: 47)
Related violations: <none>

XDCH-2#66 Warning
Same min and max delay values on IO port  
The same output delay of 4.000 ns has been defined on port 'out_word[31]' relative to clock sys_clk for both max and min. Make sure this reflects the design intent.
set_output_delay -clock sys_clk 4.000 [get_ports {in_ready out_valid {out_word[*]} busy done err_zero}]
C:/Users/Prasit/Documents/hsec_proj_all/itoh_inv_final/project_1/project_1.srcs/constrs_1/new/gf283_top.xdc (Line: 47)
Related violations: <none>

XDCH-2#67 Warning
Same min and max delay values on IO port  
The same output delay of 4.000 ns has been defined on port 'out_word[3]' relative to clock sys_clk for both max and min. Make sure this reflects the design intent.
set_output_delay -clock sys_clk 4.000 [get_ports {in_ready out_valid {out_word[*]} busy done err_zero}]
C:/Users/Prasit/Documents/hsec_proj_all/itoh_inv_final/project_1/project_1.srcs/constrs_1/new/gf283_top.xdc (Line: 47)
Related violations: <none>

XDCH-2#68 Warning
Same min and max delay values on IO port  
The same output delay of 4.000 ns has been defined on port 'out_word[4]' relative to clock sys_clk for both max and min. Make sure this reflects the design intent.
set_output_delay -clock sys_clk 4.000 [get_ports {in_ready out_valid {out_word[*]} busy done err_zero}]
C:/Users/Prasit/Documents/hsec_proj_all/itoh_inv_final/project_1/project_1.srcs/constrs_1/new/gf283_top.xdc (Line: 47)
Related violations: <none>

XDCH-2#69 Warning
Same min and max delay values on IO port  
The same output delay of 4.000 ns has been defined on port 'out_word[5]' relative to clock sys_clk for both max and min. Make sure this reflects the design intent.
set_output_delay -clock sys_clk 4.000 [get_ports {in_ready out_valid {out_word[*]} busy done err_zero}]
C:/Users/Prasit/Documents/hsec_proj_all/itoh_inv_final/project_1/project_1.srcs/constrs_1/new/gf283_top.xdc (Line: 47)
Related violations: <none>

XDCH-2#70 Warning
Same min and max delay values on IO port  
The same output delay of 4.000 ns has been defined on port 'out_word[6]' relative to clock sys_clk for both max and min. Make sure this reflects the design intent.
set_output_delay -clock sys_clk 4.000 [get_ports {in_ready out_valid {out_word[*]} busy done err_zero}]
C:/Users/Prasit/Documents/hsec_proj_all/itoh_inv_final/project_1/project_1.srcs/constrs_1/new/gf283_top.xdc (Line: 47)
Related violations: <none>

XDCH-2#71 Warning
Same min and max delay values on IO port  
The same output delay of 4.000 ns has been defined on port 'out_word[7]' relative to clock sys_clk for both max and min. Make sure this reflects the design intent.
set_output_delay -clock sys_clk 4.000 [get_ports {in_ready out_valid {out_word[*]} busy done err_zero}]
C:/Users/Prasit/Documents/hsec_proj_all/itoh_inv_final/project_1/project_1.srcs/constrs_1/new/gf283_top.xdc (Line: 47)
Related violations: <none>

XDCH-2#72 Warning
Same min and max delay values on IO port  
The same output delay of 4.000 ns has been defined on port 'out_word[8]' relative to clock sys_clk for both max and min. Make sure this reflects the design intent.
set_output_delay -clock sys_clk 4.000 [get_ports {in_ready out_valid {out_word[*]} busy done err_zero}]
C:/Users/Prasit/Documents/hsec_proj_all/itoh_inv_final/project_1/project_1.srcs/constrs_1/new/gf283_top.xdc (Line: 47)
Related violations: <none>

XDCH-2#73 Warning
Same min and max delay values on IO port  
The same output delay of 4.000 ns has been defined on port 'out_word[9]' relative to clock sys_clk for both max and min. Make sure this reflects the design intent.
set_output_delay -clock sys_clk 4.000 [get_ports {in_ready out_valid {out_word[*]} busy done err_zero}]
C:/Users/Prasit/Documents/hsec_proj_all/itoh_inv_final/project_1/project_1.srcs/constrs_1/new/gf283_top.xdc (Line: 47)
Related violations: <none>


